
> vite_react_shadcn_ts@0.0.0 test
> vitest --run


[1m[46m RUN [49m[22m [36mv4.0.18 [39m[90mX:/projects/scheme-sathi-portal-main[39m

 [31m❯[39m src/test/auth/forgotPassword.test.jsx [2m([22m[2m0 test[22m[2m)[22m
 [32m✓[39m src/test/auth/codebase.test.js [2m([22m[2m1 test[22m[2m)[22m[32m 18[2mms[22m[39m
 [31m❯[39m src/test/auth/authStore.test.js [2m([22m[2m6 tests[22m[2m | [22m[31m1 failed[39m[2m)[22m[32m 16[2mms[22m[39m
     [32m✓[39m 1. Confirm signInWithOtp does NOT exist in store[32m 2[2mms[22m[39m
     [32m✓[39m 2. Confirm signInWithGoogle does NOT exist in store[32m 0[2mms[22m[39m
[31m     [31m×[31m 3 & 7. Confirm login (signIn) exists and works & role is read[39m[32m 11[2mms[22m[39m
     [32m✓[39m 4. Confirm register (signUp) exists[32m 0[2mms[22m[39m
     [32m✓[39m 5. Confirm logout (signOut) clears user state[32m 1[2mms[22m[39m
     [32m✓[39m 6. Confirm initAuthListener (onAuthStateChange) sets user correctly[32m 1[2mms[22m[39m
[90mstderr[2m | src/test/auth/login.test.jsx[2m > [22m[2mLogin Component[2m > [22m[2m1. Valid login as citizen
[22m[39m⚠️ React Router Future Flag Warning: React Router will begin wrapping state updates in `React.startTransition` in v7. You can use the `v7_startTransition` future flag to opt-in early. For more information, see https://reactrouter.com/v6/upgrading/future#v7_starttransition.
⚠️ React Router Future Flag Warning: Relative route resolution within Splat routes is changing in v7. You can use the `v7_relativeSplatPath` future flag to opt-in early. For more information, see https://reactrouter.com/v6/upgrading/future#v7_relativesplatpath.

[90mstderr[2m | src/test/auth/register.test.jsx[2m > [22m[2mRegister Component[2m > [22m[2m1. Valid registration
[22m[39m⚠️ React Router Future Flag Warning: React Router will begin wrapping state updates in `React.startTransition` in v7. You can use the `v7_startTransition` future flag to opt-in early. For more information, see https://reactrouter.com/v6/upgrading/future#v7_starttransition.
⚠️ React Router Future Flag Warning: Relative route resolution within Splat routes is changing in v7. You can use the `v7_relativeSplatPath` future flag to opt-in early. For more information, see https://reactrouter.com/v6/upgrading/future#v7_relativesplatpath.

 [31m❯[39m src/test/auth/login.test.jsx [2m([22m[2m6 tests[22m[2m | [22m[31m5 failed[39m[2m)[22m[33m 984[2mms[22m[39m
[31m     [31m×[31m 1. Valid login as citizen[39m[32m 167[2mms[22m[39m
[31m     [31m×[31m 2. Valid login as admin[39m[32m 71[2mms[22m[39m
[31m     [31m×[31m 3. Wrong password[39m[32m 72[2mms[22m[39m
[31m     [31m×[31m 4. Empty fields[39m[33m 624[2mms[22m[39m
[31m     [31m×[31m 5. Show/hide password toggle[39m[32m 29[2mms[22m[39m
     [32m✓[39m 6. No OTP anywhere[32m 20[2mms[22m[39m
TypeError: initTheme is not a function
    at X:/projects/scheme-sathi-portal-main/src/App.jsx:79:5
    at commitHookEffectListMount (X:\projects\scheme-sathi-portal-main\node_modules\react-dom\cjs\react-dom.development.js:23189:26)
    at commitPassiveMountOnFiber (X:\projects\scheme-sathi-portal-main\node_modules\react-dom\cjs\react-dom.development.js:24970:11)
    at commitPassiveMountEffects_complete (X:\projects\scheme-sathi-portal-main\node_modules\react-dom\cjs\react-dom.development.js:24930:9)
    at commitPassiveMountEffects_begin (X:\projects\scheme-sathi-portal-main\node_modules\react-dom\cjs\react-dom.development.js:24917:7)
    at commitPassiveMountEffects (X:\projects\scheme-sathi-portal-main\node_modules\react-dom\cjs\react-dom.development.js:24905:3)
    at flushPassiveEffectsImpl (X:\projects\scheme-sathi-portal-main\node_modules\react-dom\cjs\react-dom.development.js:27078:3)
    at flushPassiveEffects (X:\projects\scheme-sathi-portal-main\node_modules\react-dom\cjs\react-dom.development.js:27023:14)
    at performSyncWorkOnRoot (X:\projects\scheme-sathi-portal-main\node_modules\react-dom\cjs\react-dom.development.js:26115:3)
    at flushSyncCallbacks (X:\projects\scheme-sathi-portal-main\node_modules\react-dom\cjs\react-dom.development.js:12042:22)
[90mstderr[2m | src/test/auth/protectedRoutes.test.jsx[2m > [22m[2mProtected Routes[2m > [22m[2m2. USER role visiting /admin/dashboard → redirect to /login or show unauthorized
[22m[39m404 Error: User attempted to access non-existent route: /admin/dashboard
⚠️ React Router Future Flag Warning: React Router will begin wrapping state updates in `React.startTransition` in v7. You can use the `v7_startTransition` future flag to opt-in early. For more information, see https://reactrouter.com/v6/upgrading/future#v7_starttransition.
⚠️ React Router Future Flag Warning: Relative route resolution within Splat routes is changing in v7. You can use the `v7_relativeSplatPath` future flag to opt-in early. For more information, see https://reactrouter.com/v6/upgrading/future#v7_relativesplatpath.
The above error occurred in the <App> component:

    at App (X:/projects/scheme-sathi-portal-main/src/App.jsx:144:73)

Consider adding an error boundary to your tree to customize error handling behavior.
Visit https://reactjs.org/link/error-boundaries to learn more about error boundaries.

TypeError: initTheme is not a function
    at X:/projects/scheme-sathi-portal-main/src/App.jsx:79:5
    at commitHookEffectListMount (X:\projects\scheme-sathi-portal-main\node_modules\react-dom\cjs\react-dom.development.js:23189:26)
    at commitPassiveMountOnFiber (X:\projects\scheme-sathi-portal-main\node_modules\react-dom\cjs\react-dom.development.js:24970:11)
    at commitPassiveMountEffects_complete (X:\projects\scheme-sathi-portal-main\node_modules\react-dom\cjs\react-dom.development.js:24930:9)
    at commitPassiveMountEffects_begin (X:\projects\scheme-sathi-portal-main\node_modules\react-dom\cjs\react-dom.development.js:24917:7)
    at commitPassiveMountEffects (X:\projects\scheme-sathi-portal-main\node_modules\react-dom\cjs\react-dom.development.js:24905:3)
    at flushPassiveEffectsImpl (X:\projects\scheme-sathi-portal-main\node_modules\react-dom\cjs\react-dom.development.js:27078:3)
    at flushPassiveEffects (X:\projects\scheme-sathi-portal-main\node_modules\react-dom\cjs\react-dom.development.js:27023:14)
    at performSyncWorkOnRoot (X:\projects\scheme-sathi-portal-main\node_modules\react-dom\cjs\react-dom.development.js:26115:3)
    at flushSyncCallbacks (X:\projects\scheme-sathi-portal-main\node_modules\react-dom\cjs\react-dom.development.js:12042:22)
[90mstderr[2m | src/test/auth/protectedRoutes.test.jsx[2m > [22m[2mProtected Routes[2m > [22m[2m3. SUPER_ADMIN visiting /admin/dashboard → allow access
[22m[39m404 Error: User attempted to access non-existent route: /admin/dashboard
The above error occurred in the <App> component:

    at App (X:/projects/scheme-sathi-portal-main/src/App.jsx:144:73)

Consider adding an error boundary to your tree to customize error handling behavior.
Visit https://reactjs.org/link/error-boundaries to learn more about error boundaries.

TypeError: initTheme is not a function
    at X:/projects/scheme-sathi-portal-main/src/App.jsx:79:5
    at commitHookEffectListMount (X:\projects\scheme-sathi-portal-main\node_modules\react-dom\cjs\react-dom.development.js:23189:26)
    at commitPassiveMountOnFiber (X:\projects\scheme-sathi-portal-main\node_modules\react-dom\cjs\react-dom.development.js:24970:11)
    at commitPassiveMountEffects_complete (X:\projects\scheme-sathi-portal-main\node_modules\react-dom\cjs\react-dom.development.js:24930:9)
    at commitPassiveMountEffects_begin (X:\projects\scheme-sathi-portal-main\node_modules\react-dom\cjs\react-dom.development.js:24917:7)
    at commitPassiveMountEffects (X:\projects\scheme-sathi-portal-main\node_modules\react-dom\cjs\react-dom.development.js:24905:3)
    at flushPassiveEffectsImpl (X:\projects\scheme-sathi-portal-main\node_modules\react-dom\cjs\react-dom.development.js:27078:3)
    at flushPassiveEffects (X:\projects\scheme-sathi-portal-main\node_modules\react-dom\cjs\react-dom.development.js:27023:14)
    at performSyncWorkOnRoot (X:\projects\scheme-sathi-portal-main\node_modules\react-dom\cjs\react-dom.development.js:26115:3)
    at flushSyncCallbacks (X:\projects\scheme-sathi-portal-main\node_modules\react-dom\cjs\react-dom.development.js:12042:22)
[90mstderr[2m | src/test/auth/protectedRoutes.test.jsx[2m > [22m[2mProtected Routes[2m > [22m[2m4. CONTENT_ADMIN visiting admin panel → allow access
[22m[39m404 Error: User attempted to access non-existent route: /admin/dashboard
The above error occurred in the <App> component:

    at App (X:/projects/scheme-sathi-portal-main/src/App.jsx:144:73)

Consider adding an error boundary to your tree to customize error handling behavior.
Visit https://reactjs.org/link/error-boundaries to learn more about error boundaries.

TypeError: initTheme is not a function
    at X:/projects/scheme-sathi-portal-main/src/App.jsx:79:5
    at commitHookEffectListMount (X:\projects\scheme-sathi-portal-main\node_modules\react-dom\cjs\react-dom.development.js:23189:26)
    at commitPassiveMountOnFiber (X:\projects\scheme-sathi-portal-main\node_modules\react-dom\cjs\react-dom.development.js:24970:11)
    at commitPassiveMountEffects_complete (X:\projects\scheme-sathi-portal-main\node_modules\react-dom\cjs\react-dom.development.js:24930:9)
    at commitPassiveMountEffects_begin (X:\projects\scheme-sathi-portal-main\node_modules\react-dom\cjs\react-dom.development.js:24917:7)
    at commitPassiveMountEffects (X:\projects\scheme-sathi-portal-main\node_modules\react-dom\cjs\react-dom.development.js:24905:3)
    at flushPassiveEffectsImpl (X:\projects\scheme-sathi-portal-main\node_modules\react-dom\cjs\react-dom.development.js:27078:3)
    at flushPassiveEffects (X:\projects\scheme-sathi-portal-main\node_modules\react-dom\cjs\react-dom.development.js:27023:14)
    at performSyncWorkOnRoot (X:\projects\scheme-sathi-portal-main\node_modules\react-dom\cjs\react-dom.development.js:26115:3)
    at flushSyncCallbacks (X:\projects\scheme-sathi-portal-main\node_modules\react-dom\cjs\react-dom.development.js:12042:22)
[90mstderr[2m | src/test/auth/protectedRoutes.test.jsx[2m > [22m[2mProtected Routes[2m > [22m[2m5. REVIEW_ADMIN visiting admin panel → allow access
[22m[39m404 Error: User attempted to access non-existent route: /admin/dashboard
The above error occurred in the <App> component:

    at App (X:/projects/scheme-sathi-portal-main/src/App.jsx:144:73)

Consider adding an error boundary to your tree to customize error handling behavior.
Visit https://reactjs.org/link/error-boundaries to learn more about error boundaries.

 [31m❯[39m src/test/auth/protectedRoutes.test.jsx [2m([22m[2m5 tests[22m[2m | [22m[31m4 failed[39m[2m)[22m[32m 124[2mms[22m[39m
     [32m✓[39m 1. Unauthenticated user visiting /dashboard → redirect to /login[32m 1[2mms[22m[39m
[31m     [31m×[31m 2. USER role visiting /admin/dashboard → redirect to /login or show unauthorized[39m[32m 94[2mms[22m[39m
[31m     [31m×[31m 3. SUPER_ADMIN visiting /admin/dashboard → allow access[39m[32m 10[2mms[22m[39m
[31m     [31m×[31m 4. CONTENT_ADMIN visiting admin panel → allow access[39m[32m 9[2mms[22m[39m
[31m     [31m×[31m 5. REVIEW_ADMIN visiting admin panel → allow access[39m[32m 9[2mms[22m[39m
 [31m❯[39m src/test/auth/register.test.jsx [2m([22m[2m6 tests[22m[2m | [22m[31m5 failed[39m[2m)[22m[33m 7195[2mms[22m[39m
[31m     [31m×[31m 1. Valid registration[39m[33m 2334[2mms[22m[39m
[31m     [31m×[31m 2. Password mismatch[39m[33m 1475[2mms[22m[39m
[31m     [31m×[31m 3. Weak password[39m[33m 862[2mms[22m[39m
[31m     [31m×[31m 4. Invalid email format[39m[33m 316[2mms[22m[39m
[31m     [31m×[31m 5. Duplicate email[39m[33m 1592[2mms[22m[39m
     [33m[2m✓[22m[39m 6. Password strength indicator [33m 616[2mms[22m[39m

[31m⎯⎯⎯⎯⎯⎯[39m[1m[41m Failed Suites 1 [49m[22m[31m⎯⎯⎯⎯⎯⎯⎯[39m

[41m[1m FAIL [22m[49m src/test/auth/forgotPassword.test.jsx[2m [ src/test/auth/forgotPassword.test.jsx ][22m
[31m[1mError[22m: Failed to resolve import "../../pages/ForgotPassword" from "src/test/auth/forgotPassword.test.jsx". Does the file exist?[39m
  Plugin: [35mvite:import-analysis[39m
  File: [36mX:/projects/scheme-sathi-portal-main/src/test/auth/forgotPassword.test.jsx[39m:5:0
[33m  33 |  const __vi_import_2__ = await import("@testing-library/user-event");
  34 |  const __vi_import_3__ = await import("react-router-dom");
  35 |  const __vi_import_4__ = await import("../../pages/ForgotPassword");
     |                                       ^
  36 |  const __vi_import_5__ = await import("../../pages/ResetPassword");
  37 |  const __vi_import_6__ = await import("../../lib/supabase");[39m
[90m [2m❯[22m TransformPluginContext._formatLog node_modules/vite/dist/node/chunks/config.js:[2m28999:43[22m[39m
[90m [2m❯[22m TransformPluginContext.error node_modules/vite/dist/node/chunks/config.js:[2m28996:14[22m[39m
[90m [2m❯[22m normalizeUrl node_modules/vite/dist/node/chunks/config.js:[2m27119:18[22m[39m
[90m [2m❯[22m node_modules/vite/dist/node/chunks/config.js:[2m27177:32[22m[39m
[90m [2m❯[22m TransformPluginContext.transform node_modules/vite/dist/node/chunks/config.js:[2m27145:4[22m[39m
[90m [2m❯[22m EnvironmentPluginContainer.transform node_modules/vite/dist/node/chunks/config.js:[2m28797:14[22m[39m
[90m [2m❯[22m loadAndTransform node_modules/vite/dist/node/chunks/config.js:[2m22670:26[22m[39m

[31m[2m⎯⎯⎯⎯⎯⎯⎯⎯⎯⎯⎯⎯⎯⎯⎯⎯⎯⎯⎯⎯⎯⎯⎯[1/16]⎯[22m[39m


[31m⎯⎯⎯⎯⎯⎯[39m[1m[41m Failed Tests 15 [49m[22m[31m⎯⎯⎯⎯⎯⎯⎯[39m

[41m[1m FAIL [22m[49m src/test/auth/authStore.test.js[2m > [22mAuth Store[2m > [22m3 & 7. Confirm login (signIn) exists and works & role is read
[31m[1mAssertionError[22m: expected 'USER' to be 'SUPER_ADMIN' // Object.is equality[39m

Expected: [32m"SUPER_ADMIN"[39m
Received: [31m"USER"[39m

[36m [2m❯[22m src/test/auth/authStore.test.js:[2m74:28[22m[39m
    [90m 72| [39m        expect(state.user).toEqual(expect.objectContaining({ id: 'user…
    [90m 73| [39m        [34mexpect[39m(state[33m.[39misAuthenticated)[33m.[39m[34mtoBe[39m([35mtrue[39m)[33m;[39m
    [90m 74| [39m        [34mexpect[39m(state[33m.[39mrole)[33m.[39m[34mtoBe[39m([32m'SUPER_ADMIN'[39m)[33m;[39m
    [90m   | [39m                           [31m^[39m
    [90m 75| [39m        expect(state.session).toBeUndefined(); // we didn't mock sessi…
    [90m 76| [39m    })[33m;[39m

[31m[2m⎯⎯⎯⎯⎯⎯⎯⎯⎯⎯⎯⎯⎯⎯⎯⎯⎯⎯⎯⎯⎯⎯⎯[2/16]⎯[22m[39m

[41m[1m FAIL [22m[49m src/test/auth/login.test.jsx[2m > [22mLogin Component[2m > [22m1. Valid login as citizen
[31m[1mTestingLibraryElementError[22m[39m: Unable to find an element with the placeholder text of: /email@example.com/i

Ignored nodes: comments, script, style
[36m<body>[39m
  [36m<div>[39m
    [36m<div[39m
      [33mclass[39m=[32m"min-h-screen flex flex-col bg-background font-sans antialiased"[39m
    [36m>[39m
      [36m<header[39m
        [33mclass[39m=[32m"sticky top-0 z-50 w-full border-b bg-card/95 backdrop-blur supports-[backdrop-filter]:bg-card/80"[39m
      [36m>[39m
        [36m<div[39m
          [33mclass[39m=[32m"container flex h-16 items-center justify-between"[39m
        [36m>[39m
          [36m<a[39m
            [33mclass[39m=[32m"flex items-center gap-2"[39m
            [33mhref[39m=[32m"/"[39m
          [36m>[39m
            [36m<div[39m
              [33mclass[39m=[32m"flex h-10 w-10 items-center justify-center rounded-lg gradient-primary"[39m
            [36m>[39m
              [36m<span[39m
                [33mclass[39m=[32m"text-xl font-bold text-primary-foreground"[39m
              [36m>[39m
                [0mस[0m
              [36m</span>[39m
            [36m</div>[39m
            [36m<span[39m
              [33mclass[39m=[32m"text-xl font-bold text-foreground"[39m
            [36m>[39m
              [0mappName[0m
            [36m</span>[39m
          [36m</a>[39m
          [36m<nav[39m
            [33mclass[39m=[32m"hidden md:flex items-center gap-10"[39m
          [36m/>[39m
          [36m<div[39m
            [33mclass[39m=[32m"hidden md:block mr-4"[39m
            [33mid[39m=[32m"voice-search-input"[39m
          [36m>[39m
            [36m<div[39m
              [33mclass[39m=[32m"relative undefined"[39m
            [36m>[39m
              [36m<form[39m
                [33mclass[39m=[32m"relative flex items-center"[39m
              [36m>[39m
                [36m<svg[39m
                  [33mclass[39m=[32m"lucide lucide-search absolute left-3 h-4 w-4 text-muted-foreground"[39m
                  [33mfill[39m=[32m"none"[39m
                  [33mheight[39m=[32m"24"[39m
                  [33mstroke[39m=[32m"currentColor"[39m
                  [33mstroke-linecap[39m=[32m"round"[39m
                  [33mstroke-linejoin[39m=[32m"round"[39m
                  [33mstroke-width[39m=[32m"2"[39m
                  [33mviewBox[39m=[32m"0 0 24 24"[39m
                  [33mwidth[39m=[32m"24"[39m
                  [33mxmlns[39m=[32m"http://www.w3.org/2000/svg"[39m
                [36m>[39m
                  [36m<circle[39m
                    [33mcx[39m=[32m"11"[39m
                    [33mcy[39m=[32m"11"[39m
                    [33mr[39m=[32m"8"[39m
                  [36m/>[39m
                  [36m<path[39m
                    [33md[39m=[32m"m21 21-4.3-4.3"[39m
                  [36m/>[39m
                [36m</svg>[39m
                [36m<input[39m
                  [33mclass[39m=[32m"flex h-10 border border-input px-3 py-2 text-base ring-offset-background file:border-0 file:bg-transparent file:text-sm file:font-medium file:text-foreground placeholder:text-muted-foreground focus-visible:outline-none focus-visible:ring-2 focus-visible:ring-offset-2 disabled:cursor-not-allowed disabled:opacity-50 md:text-sm pl-9 pr-12 rounded-full bg-muted/50 focus-visible:ring-primary/20 transition-all hover:bg-muted/80 w-[200px] sm:w-[300px]"[39m
                  [33mplaceholder[39m=[32m"Search schemes..."[39m
                  [33mvalue[39m=[32m""[39m
                [36m/>[39m
                [36m<div[39m
                  [33mclass[39m=[32m"absolute right-1 top-1/2 -translate-y-1/2 flex items-center gap-1"[39m
                [36m>[39m
                  [36m<button[39m
                    [33mclass[39m=[32m"inline-flex items-center justify-center gap-2 whitespace-nowrap text-base font-medium ring-offset-background transition-all duration-200 focus-visible:outline-none focus-visible:ring-2 focus-visible:ring-ring focus-visible:ring-offset-2 disabled:pointer-events-none disabled:opacity-50 [&_svg]:pointer-events-none [&_svg]:size-5 [&_svg]:shrink-0 hover:bg-muted h-8 w-8 rounded-full text-muted-foreground hover:text-primary"[39m
                    [33mtitle[39m=[32m"Voice Search"[39m
                    [33mtype[39m=[32m"button"[39m
                  [36m>[39m
                    [36m<svg[39m
                      [33mclass[39m=[32m"lucide lucide-mic h-4 w-4"[39m
                      [33mfill[39m=[32m"none"[39m
                      [33mheight[39m=[32m"24"[39m
                      [33mstroke[39m=[32m"currentColor"[39m
                      [33mstroke-linecap[39m=[32m"round"[39m
                      [33mstroke-linejoin[39m=[32m"round"[39m
                      [33mstroke-width[39m=[32m"2"[39m
                      [33mviewBox[39m=[32m"0 0 24 24"[39m
                      [33mwidth[39m=[32m"24"[39m
                      [33mxmlns[39m=[32m"http://www.w3.org/2000/svg"[39m
                    [36m>[39m
                      [36m<path[39m
                        [33md[39m=[32m"M12 2a3 3 0 0 0-3 3v7a3 3 0 0 0 6 0V5a3 3 0 0 0-3-3Z"[39m
                      [36m/>[39m
                      [36m<path[39m
                        [33md[39m=[32m"M19 10v2a7 7 0 0 1-14 0v-2"[39m
                      [36m/>[39m
                      [36m<line[39m
                        [33mx1[39m=[32m"12"[39m
                        [33mx2[39m=[32m"12"[39m
                        [33my1[39m=[32m"19"[39m
                        [33my2[39m=[32m"22"[39m
                      [36m/>[39m
                    [36m</svg>[39m
                  [36m</button>[39m
                [36m</div>[39m
              [36m</form>[39m
            [36m</div>[39m
          [36m</div>[39m
          [36m<div[39m
            [33mclass[39m=[32m"flex items-center gap-4"[39m
          [36m>[39m
            [36m<button[39m
              [33maria-label[39m=[32m"Switch to dark mode"[39m
              [33mclass[39m=[32m"theme-toggle-pill"[39m
              [33mtitle[39m=[32m"Dark mode"[39m
            [36m>[39m
              [36m<div[39m
                [33mclass[39m=[32m"theme-toggle-sky day"[39m
              [36m/>[39m
              [36m<div[39m
                [33mclass[39m=[32m"theme-toggle-stars "[39m
              [36m>[39m
                [36m<span[39m
                  [33mstyle[39m=[32m"top: 6px; left: 8px; animation-delay: 0s;"[39m
                [36m/>[39m
                [36m<span[39m
                  [33mstyle[39m=[32m"top: 14px; left: 16px; animation-delay: 0.4s;"[39m
                [36m/>[39m
                [36m<span[39m
                  [33mstyle[39m=[32m"top: 5px; left: 22px; animation-delay: 0.8s;"[39m
                [36m/>[39m
                [36m<span[39m
                  [33mstyle[39m=[32m"top: 18px; left: 6px; animation-delay: 1.2s;"[39m
                [36m/>[39m
       ...
[90m [2m❯[22m Object.getElementError node_modules/@testing-library/dom/dist/config.js:[2m37:19[22m[39m
[90m [2m❯[22m node_modules/@testing-library/dom/dist/query-helpers.js:[2m76:38[22m[39m
[90m [2m❯[22m node_modules/@testing-library/dom/dist/query-helpers.js:[2m52:17[22m[39m
[90m [2m❯[22m getByPlaceholderText node_modules/@testing-library/dom/dist/query-helpers.js:[2m95:19[22m[39m
[36m [2m❯[22m src/test/auth/login.test.jsx:[2m61:37[22m[39m
    [90m 59| [39m        [34mrenderComponent[39m()[33m;[39m
    [90m 60| [39m
    [90m 61| [39m        await userEvent.type(screen.getByPlaceholderText(/email@exampl…
    [90m   | [39m                                    [31m^[39m
    [90m 62| [39m        await userEvent.type(screen.getByPlaceholderText(/Enter your p…
    [90m 63| [39m

[31m[2m⎯⎯⎯⎯⎯⎯⎯⎯⎯⎯⎯⎯⎯⎯⎯⎯⎯⎯⎯⎯⎯⎯⎯[3/16]⎯[22m[39m

[41m[1m FAIL [22m[49m src/test/auth/login.test.jsx[2m > [22mLogin Component[2m > [22m2. Valid login as admin
[31m[1mTestingLibraryElementError[22m[39m: Unable to find an element with the placeholder text of: /email@example.com/i

Ignored nodes: comments, script, style
[36m<body>[39m
  [36m<div>[39m
    [36m<div[39m
      [33mclass[39m=[32m"min-h-screen flex flex-col bg-background font-sans antialiased"[39m
    [36m>[39m
      [36m<header[39m
        [33mclass[39m=[32m"sticky top-0 z-50 w-full border-b bg-card/95 backdrop-blur supports-[backdrop-filter]:bg-card/80"[39m
      [36m>[39m
        [36m<div[39m
          [33mclass[39m=[32m"container flex h-16 items-center justify-between"[39m
        [36m>[39m
          [36m<a[39m
            [33mclass[39m=[32m"flex items-center gap-2"[39m
            [33mhref[39m=[32m"/"[39m
          [36m>[39m
            [36m<div[39m
              [33mclass[39m=[32m"flex h-10 w-10 items-center justify-center rounded-lg gradient-primary"[39m
            [36m>[39m
              [36m<span[39m
                [33mclass[39m=[32m"text-xl font-bold text-primary-foreground"[39m
              [36m>[39m
                [0mस[0m
              [36m</span>[39m
            [36m</div>[39m
            [36m<span[39m
              [33mclass[39m=[32m"text-xl font-bold text-foreground"[39m
            [36m>[39m
              [0mappName[0m
            [36m</span>[39m
          [36m</a>[39m
          [36m<nav[39m
            [33mclass[39m=[32m"hidden md:flex items-center gap-10"[39m
          [36m/>[39m
          [36m<div[39m
            [33mclass[39m=[32m"hidden md:block mr-4"[39m
            [33mid[39m=[32m"voice-search-input"[39m
          [36m>[39m
            [36m<div[39m
              [33mclass[39m=[32m"relative undefined"[39m
            [36m>[39m
              [36m<form[39m
                [33mclass[39m=[32m"relative flex items-center"[39m
              [36m>[39m
                [36m<svg[39m
                  [33mclass[39m=[32m"lucide lucide-search absolute left-3 h-4 w-4 text-muted-foreground"[39m
                  [33mfill[39m=[32m"none"[39m
                  [33mheight[39m=[32m"24"[39m
                  [33mstroke[39m=[32m"currentColor"[39m
                  [33mstroke-linecap[39m=[32m"round"[39m
                  [33mstroke-linejoin[39m=[32m"round"[39m
                  [33mstroke-width[39m=[32m"2"[39m
                  [33mviewBox[39m=[32m"0 0 24 24"[39m
                  [33mwidth[39m=[32m"24"[39m
                  [33mxmlns[39m=[32m"http://www.w3.org/2000/svg"[39m
                [36m>[39m
                  [36m<circle[39m
                    [33mcx[39m=[32m"11"[39m
                    [33mcy[39m=[32m"11"[39m
                    [33mr[39m=[32m"8"[39m
                  [36m/>[39m
                  [36m<path[39m
                    [33md[39m=[32m"m21 21-4.3-4.3"[39m
                  [36m/>[39m
                [36m</svg>[39m
                [36m<input[39m
                  [33mclass[39m=[32m"flex h-10 border border-input px-3 py-2 text-base ring-offset-background file:border-0 file:bg-transparent file:text-sm file:font-medium file:text-foreground placeholder:text-muted-foreground focus-visible:outline-none focus-visible:ring-2 focus-visible:ring-offset-2 disabled:cursor-not-allowed disabled:opacity-50 md:text-sm pl-9 pr-12 rounded-full bg-muted/50 focus-visible:ring-primary/20 transition-all hover:bg-muted/80 w-[200px] sm:w-[300px]"[39m
                  [33mplaceholder[39m=[32m"Search schemes..."[39m
                  [33mvalue[39m=[32m""[39m
                [36m/>[39m
                [36m<div[39m
                  [33mclass[39m=[32m"absolute right-1 top-1/2 -translate-y-1/2 flex items-center gap-1"[39m
                [36m>[39m
                  [36m<button[39m
                    [33mclass[39m=[32m"inline-flex items-center justify-center gap-2 whitespace-nowrap text-base font-medium ring-offset-background transition-all duration-200 focus-visible:outline-none focus-visible:ring-2 focus-visible:ring-ring focus-visible:ring-offset-2 disabled:pointer-events-none disabled:opacity-50 [&_svg]:pointer-events-none [&_svg]:size-5 [&_svg]:shrink-0 hover:bg-muted h-8 w-8 rounded-full text-muted-foreground hover:text-primary"[39m
                    [33mtitle[39m=[32m"Voice Search"[39m
                    [33mtype[39m=[32m"button"[39m
                  [36m>[39m
                    [36m<svg[39m
                      [33mclass[39m=[32m"lucide lucide-mic h-4 w-4"[39m
                      [33mfill[39m=[32m"none"[39m
                      [33mheight[39m=[32m"24"[39m
                      [33mstroke[39m=[32m"currentColor"[39m
                      [33mstroke-linecap[39m=[32m"round"[39m
                      [33mstroke-linejoin[39m=[32m"round"[39m
                      [33mstroke-width[39m=[32m"2"[39m
                      [33mviewBox[39m=[32m"0 0 24 24"[39m
                      [33mwidth[39m=[32m"24"[39m
                      [33mxmlns[39m=[32m"http://www.w3.org/2000/svg"[39m
                    [36m>[39m
                      [36m<path[39m
                        [33md[39m=[32m"M12 2a3 3 0 0 0-3 3v7a3 3 0 0 0 6 0V5a3 3 0 0 0-3-3Z"[39m
                      [36m/>[39m
                      [36m<path[39m
                        [33md[39m=[32m"M19 10v2a7 7 0 0 1-14 0v-2"[39m
                      [36m/>[39m
                      [36m<line[39m
                        [33mx1[39m=[32m"12"[39m
                        [33mx2[39m=[32m"12"[39m
                        [33my1[39m=[32m"19"[39m
                        [33my2[39m=[32m"22"[39m
                      [36m/>[39m
                    [36m</svg>[39m
                  [36m</button>[39m
                [36m</div>[39m
              [36m</form>[39m
            [36m</div>[39m
          [36m</div>[39m
          [36m<div[39m
            [33mclass[39m=[32m"flex items-center gap-4"[39m
          [36m>[39m
            [36m<button[39m
              [33maria-label[39m=[32m"Switch to dark mode"[39m
              [33mclass[39m=[32m"theme-toggle-pill"[39m
              [33mtitle[39m=[32m"Dark mode"[39m
            [36m>[39m
              [36m<div[39m
                [33mclass[39m=[32m"theme-toggle-sky day"[39m
              [36m/>[39m
              [36m<div[39m
                [33mclass[39m=[32m"theme-toggle-stars "[39m
              [36m>[39m
                [36m<span[39m
                  [33mstyle[39m=[32m"top: 6px; left: 8px; animation-delay: 0s;"[39m
                [36m/>[39m
                [36m<span[39m
                  [33mstyle[39m=[32m"top: 14px; left: 16px; animation-delay: 0.4s;"[39m
                [36m/>[39m
                [36m<span[39m
                  [33mstyle[39m=[32m"top: 5px; left: 22px; animation-delay: 0.8s;"[39m
                [36m/>[39m
                [36m<span[39m
                  [33mstyle[39m=[32m"top: 18px; left: 6px; animation-delay: 1.2s;"[39m
                [36m/>[39m
       ...
[90m [2m❯[22m Object.getElementError node_modules/@testing-library/dom/dist/config.js:[2m37:19[22m[39m
[90m [2m❯[22m node_modules/@testing-library/dom/dist/query-helpers.js:[2m76:38[22m[39m
[90m [2m❯[22m node_modules/@testing-library/dom/dist/query-helpers.js:[2m52:17[22m[39m
[90m [2m❯[22m getByPlaceholderText node_modules/@testing-library/dom/dist/query-helpers.js:[2m95:19[22m[39m
[36m [2m❯[22m src/test/auth/login.test.jsx:[2m77:37[22m[39m
    [90m 75| [39m        [34mrenderComponent[39m()[33m;[39m
    [90m 76| [39m
    [90m 77| [39m        await userEvent.type(screen.getByPlaceholderText(/email@exampl…
    [90m   | [39m                                    [31m^[39m
    [90m 78| [39m        await userEvent.type(screen.getByPlaceholderText(/Enter your p…
    [90m 79| [39m

[31m[2m⎯⎯⎯⎯⎯⎯⎯⎯⎯⎯⎯⎯⎯⎯⎯⎯⎯⎯⎯⎯⎯⎯⎯[4/16]⎯[22m[39m

[41m[1m FAIL [22m[49m src/test/auth/login.test.jsx[2m > [22mLogin Component[2m > [22m3. Wrong password
[31m[1mTestingLibraryElementError[22m[39m: Unable to find an element with the placeholder text of: /email@example.com/i

Ignored nodes: comments, script, style
[36m<body>[39m
  [36m<div>[39m
    [36m<div[39m
      [33mclass[39m=[32m"min-h-screen flex flex-col bg-background font-sans antialiased"[39m
    [36m>[39m
      [36m<header[39m
        [33mclass[39m=[32m"sticky top-0 z-50 w-full border-b bg-card/95 backdrop-blur supports-[backdrop-filter]:bg-card/80"[39m
      [36m>[39m
        [36m<div[39m
          [33mclass[39m=[32m"container flex h-16 items-center justify-between"[39m
        [36m>[39m
          [36m<a[39m
            [33mclass[39m=[32m"flex items-center gap-2"[39m
            [33mhref[39m=[32m"/"[39m
          [36m>[39m
            [36m<div[39m
              [33mclass[39m=[32m"flex h-10 w-10 items-center justify-center rounded-lg gradient-primary"[39m
            [36m>[39m
              [36m<span[39m
                [33mclass[39m=[32m"text-xl font-bold text-primary-foreground"[39m
              [36m>[39m
                [0mस[0m
              [36m</span>[39m
            [36m</div>[39m
            [36m<span[39m
              [33mclass[39m=[32m"text-xl font-bold text-foreground"[39m
            [36m>[39m
              [0mappName[0m
            [36m</span>[39m
          [36m</a>[39m
          [36m<nav[39m
            [33mclass[39m=[32m"hidden md:flex items-center gap-10"[39m
          [36m/>[39m
          [36m<div[39m
            [33mclass[39m=[32m"hidden md:block mr-4"[39m
            [33mid[39m=[32m"voice-search-input"[39m
          [36m>[39m
            [36m<div[39m
              [33mclass[39m=[32m"relative undefined"[39m
            [36m>[39m
              [36m<form[39m
                [33mclass[39m=[32m"relative flex items-center"[39m
              [36m>[39m
                [36m<svg[39m
                  [33mclass[39m=[32m"lucide lucide-search absolute left-3 h-4 w-4 text-muted-foreground"[39m
                  [33mfill[39m=[32m"none"[39m
                  [33mheight[39m=[32m"24"[39m
                  [33mstroke[39m=[32m"currentColor"[39m
                  [33mstroke-linecap[39m=[32m"round"[39m
                  [33mstroke-linejoin[39m=[32m"round"[39m
                  [33mstroke-width[39m=[32m"2"[39m
                  [33mviewBox[39m=[32m"0 0 24 24"[39m
                  [33mwidth[39m=[32m"24"[39m
                  [33mxmlns[39m=[32m"http://www.w3.org/2000/svg"[39m
                [36m>[39m
                  [36m<circle[39m
                    [33mcx[39m=[32m"11"[39m
                    [33mcy[39m=[32m"11"[39m
                    [33mr[39m=[32m"8"[39m
                  [36m/>[39m
                  [36m<path[39m
                    [33md[39m=[32m"m21 21-4.3-4.3"[39m
                  [36m/>[39m
                [36m</svg>[39m
                [36m<input[39m
                  [33mclass[39m=[32m"flex h-10 border border-input px-3 py-2 text-base ring-offset-background file:border-0 file:bg-transparent file:text-sm file:font-medium file:text-foreground placeholder:text-muted-foreground focus-visible:outline-none focus-visible:ring-2 focus-visible:ring-offset-2 disabled:cursor-not-allowed disabled:opacity-50 md:text-sm pl-9 pr-12 rounded-full bg-muted/50 focus-visible:ring-primary/20 transition-all hover:bg-muted/80 w-[200px] sm:w-[300px]"[39m
                  [33mplaceholder[39m=[32m"Search schemes..."[39m
                  [33mvalue[39m=[32m""[39m
                [36m/>[39m
                [36m<div[39m
                  [33mclass[39m=[32m"absolute right-1 top-1/2 -translate-y-1/2 flex items-center gap-1"[39m
                [36m>[39m
                  [36m<button[39m
                    [33mclass[39m=[32m"inline-flex items-center justify-center gap-2 whitespace-nowrap text-base font-medium ring-offset-background transition-all duration-200 focus-visible:outline-none focus-visible:ring-2 focus-visible:ring-ring focus-visible:ring-offset-2 disabled:pointer-events-none disabled:opacity-50 [&_svg]:pointer-events-none [&_svg]:size-5 [&_svg]:shrink-0 hover:bg-muted h-8 w-8 rounded-full text-muted-foreground hover:text-primary"[39m
                    [33mtitle[39m=[32m"Voice Search"[39m
                    [33mtype[39m=[32m"button"[39m
                  [36m>[39m
                    [36m<svg[39m
                      [33mclass[39m=[32m"lucide lucide-mic h-4 w-4"[39m
                      [33mfill[39m=[32m"none"[39m
                      [33mheight[39m=[32m"24"[39m
                      [33mstroke[39m=[32m"currentColor"[39m
                      [33mstroke-linecap[39m=[32m"round"[39m
                      [33mstroke-linejoin[39m=[32m"round"[39m
                      [33mstroke-width[39m=[32m"2"[39m
                      [33mviewBox[39m=[32m"0 0 24 24"[39m
                      [33mwidth[39m=[32m"24"[39m
                      [33mxmlns[39m=[32m"http://www.w3.org/2000/svg"[39m
                    [36m>[39m
                      [36m<path[39m
                        [33md[39m=[32m"M12 2a3 3 0 0 0-3 3v7a3 3 0 0 0 6 0V5a3 3 0 0 0-3-3Z"[39m
                      [36m/>[39m
                      [36m<path[39m
                        [33md[39m=[32m"M19 10v2a7 7 0 0 1-14 0v-2"[39m
                      [36m/>[39m
                      [36m<line[39m
                        [33mx1[39m=[32m"12"[39m
                        [33mx2[39m=[32m"12"[39m
                        [33my1[39m=[32m"19"[39m
                        [33my2[39m=[32m"22"[39m
                      [36m/>[39m
                    [36m</svg>[39m
                  [36m</button>[39m
                [36m</div>[39m
              [36m</form>[39m
            [36m</div>[39m
          [36m</div>[39m
          [36m<div[39m
            [33mclass[39m=[32m"flex items-center gap-4"[39m
          [36m>[39m
            [36m<button[39m
              [33maria-label[39m=[32m"Switch to dark mode"[39m
              [33mclass[39m=[32m"theme-toggle-pill"[39m
              [33mtitle[39m=[32m"Dark mode"[39m
            [36m>[39m
              [36m<div[39m
                [33mclass[39m=[32m"theme-toggle-sky day"[39m
              [36m/>[39m
              [36m<div[39m
                [33mclass[39m=[32m"theme-toggle-stars "[39m
              [36m>[39m
                [36m<span[39m
                  [33mstyle[39m=[32m"top: 6px; left: 8px; animation-delay: 0s;"[39m
                [36m/>[39m
                [36m<span[39m
                  [33mstyle[39m=[32m"top: 14px; left: 16px; animation-delay: 0.4s;"[39m
                [36m/>[39m
                [36m<span[39m
                  [33mstyle[39m=[32m"top: 5px; left: 22px; animation-delay: 0.8s;"[39m
                [36m/>[39m
                [36m<span[39m
                  [33mstyle[39m=[32m"top: 18px; left: 6px; animation-delay: 1.2s;"[39m
                [36m/>[39m
       ...
[90m [2m❯[22m Object.getElementError node_modules/@testing-library/dom/dist/config.js:[2m37:19[22m[39m
[90m [2m❯[22m node_modules/@testing-library/dom/dist/query-helpers.js:[2m76:38[22m[39m
[90m [2m❯[22m node_modules/@testing-library/dom/dist/query-helpers.js:[2m52:17[22m[39m
[90m [2m❯[22m getByPlaceholderText node_modules/@testing-library/dom/dist/query-helpers.js:[2m95:19[22m[39m
[36m [2m❯[22m src/test/auth/login.test.jsx:[2m92:37[22m[39m
    [90m 90| [39m        [34mrenderComponent[39m()[33m;[39m
    [90m 91| [39m
    [90m 92| [39m        await userEvent.type(screen.getByPlaceholderText(/email@exampl…
    [90m   | [39m                                    [31m^[39m
    [90m 93| [39m        await userEvent.type(screen.getByPlaceholderText(/Enter your p…
    [90m 94| [39m

[31m[2m⎯⎯⎯⎯⎯⎯⎯⎯⎯⎯⎯⎯⎯⎯⎯⎯⎯⎯⎯⎯⎯⎯⎯[5/16]⎯[22m[39m

[41m[1m FAIL [22m[49m src/test/auth/login.test.jsx[2m > [22mLogin Component[2m > [22m4. Empty fields
[31m[1mTestingLibraryElementError[22m[39m: Found multiple elements with the role "button" and name `/login/i`

Here are the matching elements:

Ignored nodes: comments, script, style
[36m<button[39m
  [33mclass[39m=[32m"inline-flex items-center justify-center gap-2 whitespace-nowrap font-medium ring-offset-background transition-all duration-200 focus-visible:outline-none focus-visible:ring-2 focus-visible:ring-ring focus-visible:ring-offset-2 disabled:pointer-events-none disabled:opacity-50 [&_svg]:pointer-events-none [&_svg]:size-5 [&_svg]:shrink-0 border-2 border-primary text-primary bg-transparent hover:bg-primary hover:text-primary-foreground h-10 rounded-md px-4 text-sm"[39m
[36m>[39m
  [0mlogin[0m
[36m</button>[39m

Ignored nodes: comments, script, style
[36m<button[39m
  [33mclass[39m=[32m"inline-flex items-center justify-center gap-2 whitespace-nowrap rounded-lg text-base font-medium ring-offset-background transition-all duration-200 focus-visible:outline-none focus-visible:ring-2 focus-visible:ring-ring focus-visible:ring-offset-2 disabled:pointer-events-none disabled:opacity-50 [&_svg]:pointer-events-none [&_svg]:size-5 [&_svg]:shrink-0 bg-primary text-primary-foreground hover:bg-primary/90 shadow-soft active:scale-[0.98] h-12 px-6 py-3 w-full mt-2"[39m
  [33mtype[39m=[32m"submit"[39m
[36m>[39m
  [0mLogin[0m
[36m</button>[39m

(If this is intentional, then use the `*AllBy*` variant of the query (like `queryAllByText`, `getAllByText`, or `findAllByText`)).

Ignored nodes: comments, script, style
[36m<body>[39m
  [36m<div>[39m
    [36m<div[39m
      [33mclass[39m=[32m"min-h-screen flex flex-col bg-background font-sans antialiased"[39m
    [36m>[39m
      [36m<header[39m
        [33mclass[39m=[32m"sticky top-0 z-50 w-full border-b bg-card/95 backdrop-blur supports-[backdrop-filter]:bg-card/80"[39m
      [36m>[39m
        [36m<div[39m
          [33mclass[39m=[32m"container flex h-16 items-center justify-between"[39m
        [36m>[39m
          [36m<a[39m
            [33mclass[39m=[32m"flex items-center gap-2"[39m
            [33mhref[39m=[32m"/"[39m
          [36m>[39m
            [36m<div[39m
              [33mclass[39m=[32m"flex h-10 w-10 items-center justify-center rounded-lg gradient-primary"[39m
            [36m>[39m
              [36m<span[39m
                [33mclass[39m=[32m"text-xl font-bold text-primary-foreground"[39m
              [36m>[39m
                [0mस[0m
              [36m</span>[39m
            [36m</div>[39m
            [36m<span[39m
              [33mclass[39m=[32m"text-xl font-bold text-foreground"[39m
            [36m>[39m
              [0mappName[0m
            [36m</span>[39m
          [36m</a>[39m
          [36m<nav[39m
            [33mclass[39m=[32m"hidden md:flex items-center gap-10"[39m
          [36m/>[39m
          [36m<div[39m
            [33mclass[39m=[32m"hidden md:block mr-4"[39m
            [33mid[39m=[32m"voice-search-input"[39m
          [36m>[39m
            [36m<div[39m
              [33mclass[39m=[32m"relative undefined"[39m
            [36m>[39m
              [36m<form[39m
                [33mclass[39m=[32m"relative flex items-center"[39m
              [36m>[39m
                [36m<svg[39m
                  [33mclass[39m=[32m"lucide lucide-search absolute left-3 h-4 w-4 text-muted-foreground"[39m
                  [33mfill[39m=[32m"none"[39m
                  [33mheight[39m=[32m"24"[39m
                  [33mstroke[39m=[32m"currentColor"[39m
                  [33mstroke-linecap[39m=[32m"round"[39m
                  [33mstroke-linejoin[39m=[32m"round"[39m
                  [33mstroke-width[39m=[32m"2"[39m
                  [33mviewBox[39m=[32m"0 0 24 24"[39m
                  [33mwidth[39m=[32m"24"[39m
                  [33mxmlns[39m=[32m"http://www.w3.org/2000/svg"[39m
                [36m>[39m
                  [36m<circle[39m
                    [33mcx[39m=[32m"11"[39m
                    [33mcy[39m=[32m"11"[39m
                    [33mr[39m=[32m"8"[39m
                  [36m/>[39m
                  [36m<path[39m
                    [33md[39m=[32m"m21 21-4.3-4.3"[39m
                  [36m/>[39m
                [36m</svg>[39m
                [36m<input[39m
                  [33mclass[39m=[32m"flex h-10 border border-input px-3 py-2 text-base ring-offset-background file:border-0 file:bg-transparent file:text-sm file:font-medium file:text-foreground placeholder:text-muted-foreground focus-visible:outline-none focus-visible:ring-2 focus-visible:ring-offset-2 disabled:cursor-not-allowed disabled:opacity-50 md:text-sm pl-9 pr-12 rounded-full bg-muted/50 focus-visible:ring-primary/20 transition-all hover:bg-muted/80 w-[200px] sm:w-[300px]"[39m
                  [33mplaceholder[39m=[32m"Search schemes..."[39m
                  [33mvalue[39m=[32m""[39m
                [36m/>[39m
                [36m<div[39m
                  [33mclass[39m=[32m"absolute right-1 top-1/2 -translate-y-1/2 flex items-center gap-1"[39m
                [36m>[39m
                  [36m<button[39m
                    [33mclass[39m=[32m"inline-flex items-center justify-center gap-2 whitespace-nowrap text-base font-medium ring-offset-background transition-all duration-200 focus-visible:outline-none focus-visible:ring-2 focus-visible:ring-ring focus-visible:ring-offset-2 disabled:pointer-events-none disabled:opacity-50 [&_svg]:pointer-events-none [&_svg]:size-5 [&_svg]:shrink-0 hover:bg-muted h-8 w-8 rounded-full text-muted-foreground hover:text-primary"[39m
                    [33mtitle[39m=[32m"Voice Search"[39m
                    [33mtype[39m=[32m"button"[39m
                  [36m>[39m
                    [36m<svg[39m
                      [33mclass[39m=[32m"lucide lucide-mic h-4 w-4"[39m
                      [33mfill[39m=[32m"none"[39m
                      [33mheight[39m=[32m"24"[39m
                      [33mstroke[39m=[32m"currentColor"[39m
                      [33mstroke-linecap[39m=[32m"round"[39m
                      [33mstroke-linejoin[39m=[32m"round"[39m
                      [33mstroke-width[39m=[32m"2"[39m
                      [33mviewBox[39m=[32m"0 0 24 24"[39m
                      [33mwidth[39m=[32m"24"[39m
                      [33mxmlns[39m=[32m"http://www.w3.org/2000/svg"[39m
                    [36m>[39m
                      [36m<path[39m
                        [33md[39m=[32m"M12 2a3 3 0 0 0-3 3v7a3 3 0 0 0 6 0V5a3 3 0 0 0-3-3Z"[39m
                      [36m/>[39m
                      [36m<path[39m
                        [33md[39m=[32m"M19 10v2a7 7 0 0 1-14 0v-2"[39m
                      [36m/>[39m
                      [36m<line[39m
                        [33mx1[39m=[32m"12"[39m
                        [33mx2[39m=[32m"12"[39m
                        [33my1[39m=[32m"19"[39m
                        [33my2[39m=[32m"22"[39m
                      [36m/>[39m
                    [36m</svg>[39m
                  [36m</button>[39m
                [36m</div>[39m
              [36m</form>[39m
            [36m</div>[39m
          [36m</div>[39m
          [36m<div[39m
            [33mclass[39m=[32m"flex items-center gap-4"[39m
          [36m>[39m
            [36m<button[39m
              [33maria-label[39m=[32m"Switch to dark mode"[39m
              [33mclass[39m=[32m"theme-toggle-pill"[39m
              [33mtitle[39m=[32m"Dark mode"[39m
            [36m>[39m
              [36m<div[39m
                [33mclass[39m=[32m"theme-toggle-sky day"[39m
              [36m/>[39m
              [36m<div[39m
                [33mclass[39m=[32m"theme-toggle-stars "[39m
              [36m>[39m
                [36m<span[39m
                  [33mstyle[39m=[32m"top: 6px; left: 8px; animation-delay: 0s;"[39m
                [36m/>[39m
                [36m<span[39m
                  [33mstyle[39m=[32m"top: 14px; left: 16px; animation-delay: 0.4s;"[39m
                [36m/>[39m
                [36m<span[39m
                  [33mstyle[39m=[32m"top: 5px; left: 22px; animation-delay: 0.8s;"[39m
                [36m/>[39m
                [36m<span[39m
                  [33mstyle[39m=[32m"top: 18px; left: 6px; animation-delay: 1.2s;"[39m
                [36m/>[39m
       ...
[90m [2m❯[22m Object.getElementError node_modules/@testing-library/dom/dist/config.js:[2m37:19[22m[39m
[90m [2m❯[22m getElementError node_modules/@testing-library/dom/dist/query-helpers.js:[2m20:35[22m[39m
[90m [2m❯[22m getMultipleElementsFoundError node_modules/@testing-library/dom/dist/query-helpers.js:[2m23:10[22m[39m
[90m [2m❯[22m node_modules/@testing-library/dom/dist/query-helpers.js:[2m55:13[22m[39m
[90m [2m❯[22m getByRole node_modules/@testing-library/dom/dist/query-helpers.js:[2m95:19[22m[39m
[36m [2m❯[22m src/test/auth/login.test.jsx:[2m107:32[22m[39m
    [90m105| [39m        [34mrenderComponent[39m()[33m;[39m
    [90m106| [39m
    [90m107| [39m        fireEvent.click(screen.getByRole('button', { name: /login/i, e…
    [90m   | [39m                               [31m^[39m
    [90m108| [39m
    [90m109| [39m        [35mawait[39m [34mwaitFor[39m(() [33m=>[39m {

[31m[2m⎯⎯⎯⎯⎯⎯⎯⎯⎯⎯⎯⎯⎯⎯⎯⎯⎯⎯⎯⎯⎯⎯⎯[6/16]⎯[22m[39m

[41m[1m FAIL [22m[49m src/test/auth/login.test.jsx[2m > [22mLogin Component[2m > [22m5. Show/hide password toggle
[31m[1mTestingLibraryElementError[22m[39m: Unable to find an element with the placeholder text of: /Enter your password/i

Ignored nodes: comments, script, style
[36m<body>[39m
  [36m<div>[39m
    [36m<div[39m
      [33mclass[39m=[32m"min-h-screen flex flex-col bg-background font-sans antialiased"[39m
    [36m>[39m
      [36m<header[39m
        [33mclass[39m=[32m"sticky top-0 z-50 w-full border-b bg-card/95 backdrop-blur supports-[backdrop-filter]:bg-card/80"[39m
      [36m>[39m
        [36m<div[39m
          [33mclass[39m=[32m"container flex h-16 items-center justify-between"[39m
        [36m>[39m
          [36m<a[39m
            [33mclass[39m=[32m"flex items-center gap-2"[39m
            [33mhref[39m=[32m"/"[39m
          [36m>[39m
            [36m<div[39m
              [33mclass[39m=[32m"flex h-10 w-10 items-center justify-center rounded-lg gradient-primary"[39m
            [36m>[39m
              [36m<span[39m
                [33mclass[39m=[32m"text-xl font-bold text-primary-foreground"[39m
              [36m>[39m
                [0mस[0m
              [36m</span>[39m
            [36m</div>[39m
            [36m<span[39m
              [33mclass[39m=[32m"text-xl font-bold text-foreground"[39m
            [36m>[39m
              [0mappName[0m
            [36m</span>[39m
          [36m</a>[39m
          [36m<nav[39m
            [33mclass[39m=[32m"hidden md:flex items-center gap-10"[39m
          [36m/>[39m
          [36m<div[39m
            [33mclass[39m=[32m"hidden md:block mr-4"[39m
            [33mid[39m=[32m"voice-search-input"[39m
          [36m>[39m
            [36m<div[39m
              [33mclass[39m=[32m"relative undefined"[39m
            [36m>[39m
              [36m<form[39m
                [33mclass[39m=[32m"relative flex items-center"[39m
              [36m>[39m
                [36m<svg[39m
                  [33mclass[39m=[32m"lucide lucide-search absolute left-3 h-4 w-4 text-muted-foreground"[39m
                  [33mfill[39m=[32m"none"[39m
                  [33mheight[39m=[32m"24"[39m
                  [33mstroke[39m=[32m"currentColor"[39m
                  [33mstroke-linecap[39m=[32m"round"[39m
                  [33mstroke-linejoin[39m=[32m"round"[39m
                  [33mstroke-width[39m=[32m"2"[39m
                  [33mviewBox[39m=[32m"0 0 24 24"[39m
                  [33mwidth[39m=[32m"24"[39m
                  [33mxmlns[39m=[32m"http://www.w3.org/2000/svg"[39m
                [36m>[39m
                  [36m<circle[39m
                    [33mcx[39m=[32m"11"[39m
                    [33mcy[39m=[32m"11"[39m
                    [33mr[39m=[32m"8"[39m
                  [36m/>[39m
                  [36m<path[39m
                    [33md[39m=[32m"m21 21-4.3-4.3"[39m
                  [36m/>[39m
                [36m</svg>[39m
                [36m<input[39m
                  [33mclass[39m=[32m"flex h-10 border border-input px-3 py-2 text-base ring-offset-background file:border-0 file:bg-transparent file:text-sm file:font-medium file:text-foreground placeholder:text-muted-foreground focus-visible:outline-none focus-visible:ring-2 focus-visible:ring-offset-2 disabled:cursor-not-allowed disabled:opacity-50 md:text-sm pl-9 pr-12 rounded-full bg-muted/50 focus-visible:ring-primary/20 transition-all hover:bg-muted/80 w-[200px] sm:w-[300px]"[39m
                  [33mplaceholder[39m=[32m"Search schemes..."[39m
                  [33mvalue[39m=[32m""[39m
                [36m/>[39m
                [36m<div[39m
                  [33mclass[39m=[32m"absolute right-1 top-1/2 -translate-y-1/2 flex items-center gap-1"[39m
                [36m>[39m
                  [36m<button[39m
                    [33mclass[39m=[32m"inline-flex items-center justify-center gap-2 whitespace-nowrap text-base font-medium ring-offset-background transition-all duration-200 focus-visible:outline-none focus-visible:ring-2 focus-visible:ring-ring focus-visible:ring-offset-2 disabled:pointer-events-none disabled:opacity-50 [&_svg]:pointer-events-none [&_svg]:size-5 [&_svg]:shrink-0 hover:bg-muted h-8 w-8 rounded-full text-muted-foreground hover:text-primary"[39m
                    [33mtitle[39m=[32m"Voice Search"[39m
                    [33mtype[39m=[32m"button"[39m
                  [36m>[39m
                    [36m<svg[39m
                      [33mclass[39m=[32m"lucide lucide-mic h-4 w-4"[39m
                      [33mfill[39m=[32m"none"[39m
                      [33mheight[39m=[32m"24"[39m
                      [33mstroke[39m=[32m"currentColor"[39m
                      [33mstroke-linecap[39m=[32m"round"[39m
                      [33mstroke-linejoin[39m=[32m"round"[39m
                      [33mstroke-width[39m=[32m"2"[39m
                      [33mviewBox[39m=[32m"0 0 24 24"[39m
                      [33mwidth[39m=[32m"24"[39m
                      [33mxmlns[39m=[32m"http://www.w3.org/2000/svg"[39m
                    [36m>[39m
                      [36m<path[39m
                        [33md[39m=[32m"M12 2a3 3 0 0 0-3 3v7a3 3 0 0 0 6 0V5a3 3 0 0 0-3-3Z"[39m
                      [36m/>[39m
                      [36m<path[39m
                        [33md[39m=[32m"M19 10v2a7 7 0 0 1-14 0v-2"[39m
                      [36m/>[39m
                      [36m<line[39m
                        [33mx1[39m=[32m"12"[39m
                        [33mx2[39m=[32m"12"[39m
                        [33my1[39m=[32m"19"[39m
                        [33my2[39m=[32m"22"[39m
                      [36m/>[39m
                    [36m</svg>[39m
                  [36m</button>[39m
                [36m</div>[39m
              [36m</form>[39m
            [36m</div>[39m
          [36m</div>[39m
          [36m<div[39m
            [33mclass[39m=[32m"flex items-center gap-4"[39m
          [36m>[39m
            [36m<button[39m
              [33maria-label[39m=[32m"Switch to dark mode"[39m
              [33mclass[39m=[32m"theme-toggle-pill"[39m
              [33mtitle[39m=[32m"Dark mode"[39m
            [36m>[39m
              [36m<div[39m
                [33mclass[39m=[32m"theme-toggle-sky day"[39m
              [36m/>[39m
              [36m<div[39m
                [33mclass[39m=[32m"theme-toggle-stars "[39m
              [36m>[39m
                [36m<span[39m
                  [33mstyle[39m=[32m"top: 6px; left: 8px; animation-delay: 0s;"[39m
                [36m/>[39m
                [36m<span[39m
                  [33mstyle[39m=[32m"top: 14px; left: 16px; animation-delay: 0.4s;"[39m
                [36m/>[39m
                [36m<span[39m
                  [33mstyle[39m=[32m"top: 5px; left: 22px; animation-delay: 0.8s;"[39m
                [36m/>[39m
                [36m<span[39m
                  [33mstyle[39m=[32m"top: 18px; left: 6px; animation-delay: 1.2s;"[39m
                [36m/>[39m
       ...
[90m [2m❯[22m Object.getElementError node_modules/@testing-library/dom/dist/config.js:[2m37:19[22m[39m
[90m [2m❯[22m node_modules/@testing-library/dom/dist/query-helpers.js:[2m76:38[22m[39m
[90m [2m❯[22m node_modules/@testing-library/dom/dist/query-helpers.js:[2m52:17[22m[39m
[90m [2m❯[22m getByPlaceholderText node_modules/@testing-library/dom/dist/query-helpers.js:[2m95:19[22m[39m
[36m [2m❯[22m src/test/auth/login.test.jsx:[2m119:38[22m[39m
    [90m117| [39m        [34mrenderComponent[39m()[33m;[39m
    [90m118| [39m
    [90m119| [39m        const passwordInput = screen.getByPlaceholderText(/Enter your …
    [90m   | [39m                                     [31m^[39m
    [90m120| [39m        [34mexpect[39m(passwordInput)[33m.[39m[34mtoHaveAttribute[39m([32m'type'[39m[33m,[39m [32m'password'[39m)[33m;[39m
    [90m121| [39m

[31m[2m⎯⎯⎯⎯⎯⎯⎯⎯⎯⎯⎯⎯⎯⎯⎯⎯⎯⎯⎯⎯⎯⎯⎯[7/16]⎯[22m[39m

[41m[1m FAIL [22m[49m src/test/auth/protectedRoutes.test.jsx[2m > [22mProtected Routes[2m > [22m2. USER role visiting /admin/dashboard → redirect to /login or show unauthorized
[41m[1m FAIL [22m[49m src/test/auth/protectedRoutes.test.jsx[2m > [22mProtected Routes[2m > [22m3. SUPER_ADMIN visiting /admin/dashboard → allow access
[41m[1m FAIL [22m[49m src/test/auth/protectedRoutes.test.jsx[2m > [22mProtected Routes[2m > [22m4. CONTENT_ADMIN visiting admin panel → allow access
[41m[1m FAIL [22m[49m src/test/auth/protectedRoutes.test.jsx[2m > [22mProtected Routes[2m > [22m5. REVIEW_ADMIN visiting admin panel → allow access
[31m[1mTypeError[22m: initTheme is not a function[39m
[36m [2m❯[22m src/App.jsx:[2m79:5[22m[39m
    [90m 77| [39m
    [90m 78| [39m  [34museEffect[39m(() [33m=>[39m {
    [90m 79| [39m    [34minitTheme[39m()[33m;[39m
    [90m   | [39m    [31m^[39m
    [90m 80| [39m    [34mloadSchemes[39m()[33m;[39m
    [90m 81| [39m
[90m [2m❯[22m commitHookEffectListMount node_modules/react-dom/cjs/react-dom.development.js:[2m23189:26[22m[39m
[90m [2m❯[22m commitPassiveMountOnFiber node_modules/react-dom/cjs/react-dom.development.js:[2m24970:11[22m[39m
[90m [2m❯[22m commitPassiveMountEffects_complete node_modules/react-dom/cjs/react-dom.development.js:[2m24930:9[22m[39m
[90m [2m❯[22m commitPassiveMountEffects_begin node_modules/react-dom/cjs/react-dom.development.js:[2m24917:7[22m[39m
[90m [2m❯[22m commitPassiveMountEffects node_modules/react-dom/cjs/react-dom.development.js:[2m24905:3[22m[39m
[90m [2m❯[22m flushPassiveEffectsImpl node_modules/react-dom/cjs/react-dom.development.js:[2m27078:3[22m[39m
[90m [2m❯[22m flushPassiveEffects node_modules/react-dom/cjs/react-dom.development.js:[2m27023:14[22m[39m
[90m [2m❯[22m performSyncWorkOnRoot node_modules/react-dom/cjs/react-dom.development.js:[2m26115:3[22m[39m
[90m [2m❯[22m flushSyncCallbacks node_modules/react-dom/cjs/react-dom.development.js:[2m12042:22[22m[39m

[31m[2m⎯⎯⎯⎯⎯⎯⎯⎯⎯⎯⎯⎯⎯⎯⎯⎯⎯⎯⎯⎯⎯⎯⎯[8/16]⎯[22m[39m

[41m[1m FAIL [22m[49m src/test/auth/register.test.jsx[2m > [22mRegister Component[2m > [22m1. Valid registration
[31m[1mTestingLibraryElementError[22m[39m: Unable to find an accessible element with the role "combobox" and name `/state/i`

Here are the accessible roles:

  banner:

  Name "":
  [36m<header[39m
    [33mclass[39m=[32m"sticky top-0 z-50 w-full border-b bg-card/95 backdrop-blur supports-[backdrop-filter]:bg-card/80"[39m
  [36m/>[39m

  --------------------------------------------------
  link:

  Name "स appName":
  [36m<a[39m
    [33mclass[39m=[32m"flex items-center gap-2"[39m
    [33mhref[39m=[32m"/"[39m
  [36m/>[39m

  Name "login":
  [36m<a[39m
    [33mhref[39m=[32m"/login"[39m
  [36m/>[39m

  Name "register":
  [36m<a[39m
    [33mhref[39m=[32m"/register"[39m
  [36m/>[39m

  Name "Login":
  [36m<a[39m
    [33mclass[39m=[32m"text-primary font-medium hover:underline"[39m
    [33mhref[39m=[32m"/login"[39m
  [36m/>[39m

  Name "about":
  [36m<a[39m
    [33mclass[39m=[32m"text-muted-foreground hover:text-foreground transition-colors"[39m
    [33mhref[39m=[32m"/about"[39m
  [36m/>[39m

  Name "help":
  [36m<a[39m
    [33mclass[39m=[32m"text-muted-foreground hover:text-foreground transition-colors"[39m
    [33mhref[39m=[32m"/help"[39m
  [36m/>[39m

  Name "privacy":
  [36m<a[39m
    [33mclass[39m=[32m"text-muted-foreground hover:text-foreground transition-colors"[39m
    [33mhref[39m=[32m"/privacy"[39m
  [36m/>[39m

  Name "terms":
  [36m<a[39m
    [33mclass[39m=[32m"text-muted-foreground hover:text-foreground transition-colors"[39m
    [33mhref[39m=[32m"/terms"[39m
  [36m/>[39m

  --------------------------------------------------
  navigation:

  Name "":
  [36m<nav[39m
    [33mclass[39m=[32m"hidden md:flex items-center gap-10"[39m
  [36m/>[39m

  Name "":
  [36m<nav[39m
    [33mclass[39m=[32m"flex flex-wrap justify-center gap-6 text-sm"[39m
  [36m/>[39m

  --------------------------------------------------
  textbox:

  Name "":
  [36m<input[39m
    [33mclass[39m=[32m"flex h-10 border border-input px-3 py-2 text-base ring-offset-background file:border-0 file:bg-transparent file:text-sm file:font-medium file:text-foreground placeholder:text-muted-foreground focus-visible:outline-none focus-visible:ring-2 focus-visible:ring-offset-2 disabled:cursor-not-allowed disabled:opacity-50 md:text-sm pl-9 pr-12 rounded-full bg-muted/50 focus-visible:ring-primary/20 transition-all hover:bg-muted/80 w-[200px] sm:w-[300px]"[39m
    [33mplaceholder[39m=[32m"Search schemes..."[39m
    [33mvalue[39m=[32m""[39m
  [36m/>[39m

  Name "":
  [36m<input[39m
    [33mclass[39m=[32m"flex h-10 w-full rounded-md border border-input bg-background px-3 py-2 text-base ring-offset-background file:border-0 file:bg-transparent file:text-sm file:font-medium file:text-foreground placeholder:text-muted-foreground focus-visible:outline-none focus-visible:ring-2 focus-visible:ring-ring focus-visible:ring-offset-2 disabled:cursor-not-allowed disabled:opacity-50 md:text-sm"[39m
    [33mname[39m=[32m"fullName"[39m
    [33mplaceholder[39m=[32m"Enter your full name"[39m
  [36m/>[39m

  Name "":
  [36m<input[39m
    [33mclass[39m=[32m"flex h-10 w-full rounded-md border border-input bg-background px-3 py-2 text-base ring-offset-background file:border-0 file:bg-transparent file:text-sm file:font-medium file:text-foreground placeholder:text-muted-foreground focus-visible:outline-none focus-visible:ring-2 focus-visible:ring-ring focus-visible:ring-offset-2 disabled:cursor-not-allowed disabled:opacity-50 md:text-sm"[39m
    [33mname[39m=[32m"email"[39m
    [33mplaceholder[39m=[32m"email@example.com"[39m
    [33mtype[39m=[32m"email"[39m
  [36m/>[39m

  Name "":
  [36m<input[39m
    [33mclass[39m=[32m"flex h-10 w-full rounded-md border border-input bg-background px-3 py-2 text-base ring-offset-background file:border-0 file:bg-transparent file:text-sm file:font-medium file:text-foreground placeholder:text-muted-foreground focus-visible:outline-none focus-visible:ring-2 focus-visible:ring-ring focus-visible:ring-offset-2 disabled:cursor-not-allowed disabled:opacity-50 md:text-sm"[39m
    [33mmaxlength[39m=[32m"10"[39m
    [33mname[39m=[32m"mobile"[39m
    [33mplaceholder[39m=[32m"10-digit mobile number"[39m
  [36m/>[39m

  --------------------------------------------------
  button:

  Name "Voice Search":
  [36m<button[39m
    [33mclass[39m=[32m"inline-flex items-center justify-center gap-2 whitespace-nowrap text-base font-medium ring-offset-background transition-all duration-200 focus-visible:outline-none focus-visible:ring-2 focus-visible:ring-ring focus-visible:ring-offset-2 disabled:pointer-events-none disabled:opacity-50 [&_svg]:pointer-events-none [&_svg]:size-5 [&_svg]:shrink-0 hover:bg-muted h-8 w-8 rounded-full text-muted-foreground hover:text-primary"[39m
    [33mtitle[39m=[32m"Voice Search"[39m
    [33mtype[39m=[32m"button"[39m
  [36m/>[39m

  Name "Switch to dark mode":
  [36m<button[39m
    [33maria-label[39m=[32m"Switch to dark mode"[39m
    [33mclass[39m=[32m"theme-toggle-pill"[39m
    [33mtitle[39m=[32m"Dark mode"[39m
  [36m/>[39m

  Name "":
  [36m<button[39m
    [33mclass[39m=[32m"inline-flex items-center justify-center whitespace-nowrap font-medium ring-offset-background transition-all duration-200 focus-visible:outline-none focus-visible:ring-2 focus-visible:ring-ring focus-visible:ring-offset-2 disabled:pointer-events-none disabled:opacity-50 [&_svg]:pointer-events-none [&_svg]:size-5 [&_svg]:shrink-0 hover:bg-muted hover:text-foreground h-10 rounded-md px-4 text-sm gap-2"[39m
  [36m/>[39m

  Name "login":
  [36m<button[39m
    [33mclass[39m=[32m"inline-flex items-center justify-center gap-2 whitespace-nowrap font-medium ring-offset-background transition-all duration-200 focus-visible:outline-none focus-visible:ring-2 focus-visible:ring-ring focus-visible:ring-offset-2 disabled:pointer-events-none disabled:opacity-50 [&_svg]:pointer-events-none [&_svg]:size-5 [&_svg]:shrink-0 border-2 border-primary text-primary bg-transparent hover:bg-primary hover:text-primary-foreground h-10 rounded-md px-4 text-sm"[39m
  [36m/>[39m

  Name "register":
  [36m<button[39m
    [33mclass[39m=[32m"inline-flex items-center justify-center gap-2 whitespace-nowrap font-medium ring-offset-background transition-all duration-200 focus-visible:outline-none focus-visible:ring-2 focus-visible:ring-ring focus-visible:ring-offset-2 disabled:pointer-events-none disabled:opacity-50 [&_svg]:pointer-events-none [&_svg]:size-5 [&_svg]:shrink-0 bg-primary text-primary-foreground hover:bg-primary/90 shadow-soft active:scale-[0.98] h-10 rounded-md px-4 text-sm"[39m
  [36m/>[39m

  Name "":
  [36m<button[39m
    [33mclass[39m=[32m"inline-flex items-center justify-center gap-2 whitespace-nowrap rounded-lg text-base font-medium ring-offset-background transition-all duration-200 focus-visible:outline-none focus-visible:ring-2 focus-visible:ring-ring focus-visible:ring-offset-2 disabled:pointer-events-none disabled:opacity-50 [&_svg]:pointer-events-none [&_svg]:size-5 [&_svg]:shrink-0 hover:bg-muted hover:text-foreground h-12 w-12 md:hidden"[39m
  [36m/>[39m

  Name "":
  [36m<button[39m
    [33mclass[39m=[32m"absolute right-3 top-1/2 -translate-y-1/2 text-muted-foreground hover:text-foreground"[39m
    [33mtype[39m=[32m"button"[39m
  [36m/>[39m

  Name "":
  [36m<button[39m
    [33mclass[39m=[32m"absolute right-3 top-1/2 -translate-y-1/2 text-muted-foreground hover:text-foreground"[39m
    [33mtype[39m=[32m"button"[39m
  [36m/>[39m

  Name "Register":
  [36m<button[39m
    [33mclass[39m=[32m"inline-flex items-center justify-center gap-2 whitespace-nowrap rounded-lg text-base font-medium ring-offset-background transition-all duration-200 focus-visible:outline-none focus-visible:ring-2 focus-visible:ring-ring focus-visible:ring-offset-2 disabled:pointer-events-none disabled:opacity-50 [&_svg]:pointer-events-none [&_svg]:size-5 [&_svg]:shrink-0 bg-primary text-primary-foreground hover:bg-primary/90 shadow-soft active:scale-[0.98] h-12 px-6 py-3 w-full"[39m
    [33mtype[39m=[32m"submit"[39m
  [36m/>[39m

  Name "Open chat":
  [36m<button[39m
    [33maria-label[39m=[32m"Open chat"[39m
    [33mclass[39m=[32m"inline-flex items-center justify-center gap-2 whitespace-nowrap text-base font-medium ring-offset-background focus-visible:outline-none focus-visible:ring-2 focus-visible:ring-ring focus-visible:ring-offset-2 disabled:pointer-events-none disabled:opacity-50 [&_svg]:pointer-events-none [&_svg]:size-5 [&_svg]:shrink-0 text-primary-foreground shadow-soft active:scale-[0.98] h-14 w-14 rounded-full shadow-lg transition-all duration-300 hover:scale-105 hover:shadow-xl bg-primary hover:bg-primary/90"[39m
  [36m/>[39m

  --------------------------------------------------
  main:

  Name "":
  [36m<main[39m
    [33mclass[39m=[32m"flex-1"[39m
  [36m/>[39m

  --------------------------------------------------
  heading:

  Name "register":
  [36m<h3[39m
    [33mclass[39m=[32m"font-semibold tracking-tight text-2xl"[39m
  [36m/>[39m

  --------------------------------------------------
  paragraph:

  Name "":
  [36m<p[39m
    [33mclass[39m=[32m"text-xs mt-1 font-medium text-green-500"[39m
  [36m/>[39m

  Name "":
  [36m<p[39m
    [33mclass[39m=[32m"text-center text-sm text-muted-foreground mt-4"[39m
  [36m/>[39m

  Name "":
  [36m<p[39m
    [33mclass[39m=[32m"text-xs text-center text-muted-foreground"[39m
  [36m/>[39m

  --------------------------------------------------
  combobox:

  Name "":
  [36m<select[39m
    [33mclass[39m=[32m"flex h-10 w-full rounded-md border border-input bg-background px-3 py-2 text-sm ring-offset-background focus-visible:outline-none focus-visible:ring-2 focus-visible:ring-ring focus-visible:ring-offset-2"[39m
    [33mname[39m=[32m"state"[39m
  [36m/>[39m

  Name "":
  [36m<select[39m
    [33mclass[39m=[32m"flex h-10 w-full rounded-md border border-input bg-background px-3 py-2 text-sm ring-offset-background focus-visible:outline-none focus-visible:ring-2 focus-visible:ring-ring focus-visible:ring-offset-2"[39m
    [33mname[39m=[32m"language"[39m
  [36m/>[39m

  --------------------------------------------------
  option:

  Name "Select your state":
  [36m<option[39m
    [33mvalue[39m=[32m""[39m
  [36m/>[39m

  Name "Central Government":
  [36m<option[39m
    [33mvalue[39m=[32m"central"[39m
  [36m/>[39m

  Name "Maharashtra":
  [36m<option[39m
    [33mvalue[39m=[32m"maharashtra"[39m
  [36m/>[39m

  Name "Gujarat":
  [36m<option[39m
    [33mvalue[39m=[32m"gujarat"[39m
  [36m/>[39m

  Name "Karnataka":
  [36m<option[39m
    [33mvalue[39m=[32m"karnataka"[39m
  [36m/>[39m

  Name "Delhi":
  [36m<option[39m
    [33mvalue[39m=[32m"delhi"[39m
  [36m/>[39m

  Name "Tamil Nadu":
  [36m<option[39m
    [33mvalue[39m=[32m"tamilnadu"[39m
  [36m/>[39m

  Name "Kerala":
  [36m<option[39m
    [33mvalue[39m=[32m"kerala"[39m
  [36m/>[39m

  Name "West Bengal":
  [36m<option[39m
    [33mvalue[39m=[32m"westbengal"[39m
  [36m/>[39m

  Name "Rajasthan":
  [36m<option[39m
    [33mvalue[39m=[32m"rajasthan"[39m
  [36m/>[39m

  Name "Punjab":
  [36m<option[39m
    [33mvalue[39m=[32m"punjab"[39m
  [36m/>[39m

  Name "Telangana":
  [36m<option[39m
    [33mvalue[39m=[32m"telangana"[39m
  [36m/>[39m

  Name "Andhra Pradesh":
  [36m<option[39m
    [33mvalue[39m=[32m"andhrapradesh"[39m
  [36m/>[39m

  Name "Uttar Pradesh":
  [36m<option[39m
    [33mvalue[39m=[32m"uttarpradesh"[39m
  [36m/>[39m

  Name "Madhya Pradesh":
  [36m<option[39m
    [33mvalue[39m=[32m"madhyapradesh"[39m
  [36m/>[39m

  Name "Bihar":
  [36m<option[39m
    [33mvalue[39m=[32m"bihar"[39m
  [36m/>[39m

  Name "Odisha":
  [36m<option[39m
    [33mvalue[39m=[32m"odisha"[39m
  [36m/>[39m

  Name "Jharkhand":
  [36m<option[39m
    [33mvalue[39m=[32m"jharkhand"[39m
  [36m/>[39m

  Name "Chhattisgarh":
  [36m<option[39m
    [33mvalue[39m=[32m"chhattisgarh"[39m
  [36m/>[39m

  Name "Assam":
  [36m<option[39m
    [33mvalue[39m=[32m"assam"[39m
  [36m/>[39m

  Name "Himachal Pradesh":
  [36m<option[39m
    [33mvalue[39m=[32m"himachalpradesh"[39m
  [36m/>[39m

  Name "Uttarakhand":
  [36m<option[39m
    [33mvalue[39m=[32m"uttarakhand"[39m
  [36m/>[39m

  Name "Haryana":
  [36m<option[39m
    [33mvalue[39m=[32m"haryana"[39m
  [36m/>[39m

  Name "English":
  [36m<option[39m
    [33mvalue[39m=[32m"en"[39m
  [36m/>[39m

  Name "Hindi":
  [36m<option[39m
    [33mvalue[39m=[32m"hi"[39m
  [36m/>[39m

  --------------------------------------------------
  contentinfo:

  Name "":
  [36m<footer[39m
    [33mclass[39m=[32m"border-t bg-card mt-auto"[39m
  [36m/>[39m

  --------------------------------------------------

Ignored nodes: comments, script, style
[36m<body>[39m
  [36m<div>[39m
    [36m<div[39m
      [33mclass[39m=[32m"min-h-screen flex flex-col bg-background font-sans antialiased"[39m
    [36m>[39m
      [36m<header[39m
        [33mclass[39m=[32m"sticky top-0 z-50 w-full border-b bg-card/95 backdrop-blur supports-[backdrop-filter]:bg-card/80"[39m
      [36m>[39m
        [36m<div[39m
          [33mclass[39m=[32m"container flex h-16 items-center justify-between"[39m
        [36m>[39m
          [36m<a[39m
            [33mclass[39m=[32m"flex items-center gap-2"[39m
            [33mhref[39m=[32m"/"[39m
          [36m>[39m
            [36m<div[39m
              [33mclass[39m=[32m"flex h-10 w-10 items-center justify-center rounded-lg gradient-primary"[39m
            [36m>[39m
              [36m<span[39m
                [33mclass[39m=[32m"text-xl font-bold text-primary-foreground"[39m
              [36m>[39m
                [0mस[0m
              [36m</span>[39m
            [36m</div>[39m
            [36m<span[39m
              [33mclass[39m=[32m"text-xl font-bold text-foreground"[39m
            [36m>[39m
              [0mappName[0m
            [36m</span>[39m
          [36m</a>[39m
          [36m<nav[39m
            [33mclass[39m=[32m"hidden md:flex items-center gap-10"[39m
          [36m/>[39m
          [36m<div[39m
            [33mclass[39m=[32m"hidden md:block mr-4"[39m
            [33mid[39m=[32m"voice-search-input"[39m
          [36m>[39m
            [36m<div[39m
              [33mclass[39m=[32m"relative undefined"[39m
            [36m>[39m
              [36m<form[39m
                [33mclass[39m=[32m"relative flex items-center"[39m
              [36m>[39m
                [36m<svg[39m
                  [33mclass[39m=[32m"lucide lucide-search absolute left-3 h-4 w-4 text-muted-foreground"[39m
                  [33mfill[39m=[32m"none"[39m
                  [33mheight[39m=[32m"24"[39m
                  [33mstroke[39m=[32m"currentColor"[39m
                  [33mstroke-linecap[39m=[32m"round"[39m
                  [33mstroke-linejoin[39m=[32m"round"[39m
                  [33mstroke-width[39m=[32m"2"[39m
                  [33mviewBox[39m=[32m"0 0 24 24"[39m
                  [33mwidth[39m=[32m"24"[39m
                  [33mxmlns[39m=[32m"http://www.w3.org/2000/svg"[39m
                [36m>[39m
                  [36m<circle[39m
                    [33mcx[39m=[32m"11"[39m
                    [33mcy[39m=[32m"11"[39m
                    [33mr[39m=[32m"8"[39m
                  [36m/>[39m
                  [36m<path[39m
                    [33md[39m=[32m"m21 21-4.3-4.3"[39m
                  [36m/>[39m
                [36m</svg>[39m
                [36m<input[39m
                  [33mclass[39m=[32m"flex h-10 border border-input px-3 py-2 text-base ring-offset-background file:border-0 file:bg-transparent file:text-sm file:font-medium file:text-foreground placeholder:text-muted-foreground focus-visible:outline-none focus-visible:ring-2 focus-visible:ring-offset-2 disabled:cursor-not-allowed disabled:opacity-50 md:text-sm pl-9 pr-12 rounded-full bg-muted/50 focus-visible:ring-primary/20 transition-all hover:bg-muted/80 w-[200px] sm:w-[300px]"[39m
                  [33mplaceholder[39m=[32m"Search schemes..."[39m
                  [33mvalue[39m=[32m""[39m
                [36m/>[39m
                [36m<div[39m
                  [33mclass[39m=[32m"absolute right-1 top-1/2 -translate-y-1/2 flex items-center gap-1"[39m
                [36m>[39m
                  [36m<button[39m
                    [33mclass[39m=[32m"inline-flex items-center justify-center gap-2 whitespace-nowrap text-base font-medium ring-offset-background transition-all duration-200 focus-visible:outline-none focus-visible:ring-2 focus-visible:ring-ring focus-visible:ring-offset-2 disabled:pointer-events-none disabled:opacity-50 [&_svg]:pointer-events-none [&_svg]:size-5 [&_svg]:shrink-0 hover:bg-muted h-8 w-8 rounded-full text-muted-foreground hover:text-primary"[39m
                    [33mtitle[39m=[32m"Voice Search"[39m
                    [33mtype[39m=[32m"button"[39m
                  [36m>[39m
                    [36m<svg[39m
                      [33mclass[39m=[32m"lucide lucide-mic h-4 w-4"[39m
                      [33mfill[39m=[32m"none"[39m
                      [33mheight[39m=[32m"24"[39m
                      [33mstroke[39m=[32m"currentColor"[39m
                      [33mstroke-linecap[39m=[32m"round"[39m
                      [33mstroke-linejoin[39m=[32m"round"[39m
                      [33mstroke-width[39m=[32m"2"[39m
                      [33mviewBox[39m=[32m"0 0 24 24"[39m
                      [33mwidth[39m=[32m"24"[39m
                      [33mxmlns[39m=[32m"http://www.w3.org/2000/svg"[39m
                    [36m>[39m
                      [36m<path[39m
                        [33md[39m=[32m"M12 2a3 3 0 0 0-3 3v7a3 3 0 0 0 6 0V5a3 3 0 0 0-3-3Z"[39m
                      [36m/>[39m
                      [36m<path[39m
                        [33md[39m=[32m"M19 10v2a7 7 0 0 1-14 0v-2"[39m
                      [36m/>[39m
                      [36m<line[39m
                        [33mx1[39m=[32m"12"[39m
                        [33mx2[39m=[32m"12"[39m
                        [33my1[39m=[32m"19"[39m
                        [33my2[39m=[32m"22"[39m
                      [36m/>[39m
                    [36m</svg>[39m
                  [36m</button>[39m
                [36m</div>[39m
              [36m</form>[39m
            [36m</div>[39m
          [36m</div>[39m
          [36m<div[39m
            [33mclass[39m=[32m"flex items-center gap-4"[39m
          [36m>[39m
            [36m<button[39m
              [33maria-label[39m=[32m"Switch to dark mode"[39m
              [33mclass[39m=[32m"theme-toggle-pill"[39m
              [33mtitle[39m=[32m"Dark mode"[39m
            [36m>[39m
              [36m<div[39m
                [33mclass[39m=[32m"theme-toggle-sky day"[39m
              [36m/>[39m
              [36m<div[39m
                [33mclass[39m=[32m"theme-toggle-stars "[39m
              [36m>[39m
                [36m<span[39m
                  [33mstyle[39m=[32m"top: 6px; left: 8px; animation-delay: 0s;"[39m
                [36m/>[39m
                [36m<span[39m
                  [33mstyle[39m=[32m"top: 14px; left: 16px; animation-delay: 0.4s;"[39m
                [36m/>[39m
                [36m<span[39m
                  [33mstyle[39m=[32m"top: 5px; left: 22px; animation-delay: 0.8s;"[39m
                [36m/>[39m
                [36m<span[39m
                  [33mstyle[39m=[32m"top: 18px; left: 6px; animation-delay: 1.2s;"[39m
                [36m/>[39m
       ...
[90m [2m❯[22m Object.getElementError node_modules/@testing-library/dom/dist/config.js:[2m37:19[22m[39m
[90m [2m❯[22m node_modules/@testing-library/dom/dist/query-helpers.js:[2m76:38[22m[39m
[90m [2m❯[22m node_modules/@testing-library/dom/dist/query-helpers.js:[2m52:17[22m[39m
[90m [2m❯[22m getByRole node_modules/@testing-library/dom/dist/query-helpers.js:[2m95:19[22m[39m
[36m [2m❯[22m src/test/auth/register.test.jsx:[2m82:46[22m[39m
    [90m 80| [39m        await userEvent.type(screen.getByPlaceholderText(/Min 8 charac…
    [90m 81| [39m        await userEvent.type(screen.getByPlaceholderText(/Confirm your…
    [90m 82| [39m        await userEvent.selectOptions(screen.getByRole('combobox', { n…
    [90m   | [39m                                             [31m^[39m
    [90m 83| [39m
    [90m 84| [39m        fireEvent.click(screen.getByRole('button', { name: /register/i…

[31m[2m⎯⎯⎯⎯⎯⎯⎯⎯⎯⎯⎯⎯⎯⎯⎯⎯⎯⎯⎯⎯⎯⎯⎯[9/16]⎯[22m[39m

[41m[1m FAIL [22m[49m src/test/auth/register.test.jsx[2m > [22mRegister Component[2m > [22m2. Password mismatch
[31m[1mTestingLibraryElementError[22m[39m: Unable to find an accessible element with the role "combobox" and name `/state/i`

Here are the accessible roles:

  banner:

  Name "":
  [36m<header[39m
    [33mclass[39m=[32m"sticky top-0 z-50 w-full border-b bg-card/95 backdrop-blur supports-[backdrop-filter]:bg-card/80"[39m
  [36m/>[39m

  --------------------------------------------------
  link:

  Name "स appName":
  [36m<a[39m
    [33mclass[39m=[32m"flex items-center gap-2"[39m
    [33mhref[39m=[32m"/"[39m
  [36m/>[39m

  Name "login":
  [36m<a[39m
    [33mhref[39m=[32m"/login"[39m
  [36m/>[39m

  Name "register":
  [36m<a[39m
    [33mhref[39m=[32m"/register"[39m
  [36m/>[39m

  Name "Login":
  [36m<a[39m
    [33mclass[39m=[32m"text-primary font-medium hover:underline"[39m
    [33mhref[39m=[32m"/login"[39m
  [36m/>[39m

  Name "about":
  [36m<a[39m
    [33mclass[39m=[32m"text-muted-foreground hover:text-foreground transition-colors"[39m
    [33mhref[39m=[32m"/about"[39m
  [36m/>[39m

  Name "help":
  [36m<a[39m
    [33mclass[39m=[32m"text-muted-foreground hover:text-foreground transition-colors"[39m
    [33mhref[39m=[32m"/help"[39m
  [36m/>[39m

  Name "privacy":
  [36m<a[39m
    [33mclass[39m=[32m"text-muted-foreground hover:text-foreground transition-colors"[39m
    [33mhref[39m=[32m"/privacy"[39m
  [36m/>[39m

  Name "terms":
  [36m<a[39m
    [33mclass[39m=[32m"text-muted-foreground hover:text-foreground transition-colors"[39m
    [33mhref[39m=[32m"/terms"[39m
  [36m/>[39m

  --------------------------------------------------
  navigation:

  Name "":
  [36m<nav[39m
    [33mclass[39m=[32m"hidden md:flex items-center gap-10"[39m
  [36m/>[39m

  Name "":
  [36m<nav[39m
    [33mclass[39m=[32m"flex flex-wrap justify-center gap-6 text-sm"[39m
  [36m/>[39m

  --------------------------------------------------
  textbox:

  Name "":
  [36m<input[39m
    [33mclass[39m=[32m"flex h-10 border border-input px-3 py-2 text-base ring-offset-background file:border-0 file:bg-transparent file:text-sm file:font-medium file:text-foreground placeholder:text-muted-foreground focus-visible:outline-none focus-visible:ring-2 focus-visible:ring-offset-2 disabled:cursor-not-allowed disabled:opacity-50 md:text-sm pl-9 pr-12 rounded-full bg-muted/50 focus-visible:ring-primary/20 transition-all hover:bg-muted/80 w-[200px] sm:w-[300px]"[39m
    [33mplaceholder[39m=[32m"Search schemes..."[39m
    [33mvalue[39m=[32m""[39m
  [36m/>[39m

  Name "":
  [36m<input[39m
    [33mclass[39m=[32m"flex h-10 w-full rounded-md border border-input bg-background px-3 py-2 text-base ring-offset-background file:border-0 file:bg-transparent file:text-sm file:font-medium file:text-foreground placeholder:text-muted-foreground focus-visible:outline-none focus-visible:ring-2 focus-visible:ring-ring focus-visible:ring-offset-2 disabled:cursor-not-allowed disabled:opacity-50 md:text-sm"[39m
    [33mname[39m=[32m"fullName"[39m
    [33mplaceholder[39m=[32m"Enter your full name"[39m
  [36m/>[39m

  Name "":
  [36m<input[39m
    [33mclass[39m=[32m"flex h-10 w-full rounded-md border border-input bg-background px-3 py-2 text-base ring-offset-background file:border-0 file:bg-transparent file:text-sm file:font-medium file:text-foreground placeholder:text-muted-foreground focus-visible:outline-none focus-visible:ring-2 focus-visible:ring-ring focus-visible:ring-offset-2 disabled:cursor-not-allowed disabled:opacity-50 md:text-sm"[39m
    [33mname[39m=[32m"email"[39m
    [33mplaceholder[39m=[32m"email@example.com"[39m
    [33mtype[39m=[32m"email"[39m
  [36m/>[39m

  Name "":
  [36m<input[39m
    [33mclass[39m=[32m"flex h-10 w-full rounded-md border border-input bg-background px-3 py-2 text-base ring-offset-background file:border-0 file:bg-transparent file:text-sm file:font-medium file:text-foreground placeholder:text-muted-foreground focus-visible:outline-none focus-visible:ring-2 focus-visible:ring-ring focus-visible:ring-offset-2 disabled:cursor-not-allowed disabled:opacity-50 md:text-sm"[39m
    [33mmaxlength[39m=[32m"10"[39m
    [33mname[39m=[32m"mobile"[39m
    [33mplaceholder[39m=[32m"10-digit mobile number"[39m
  [36m/>[39m

  --------------------------------------------------
  button:

  Name "Voice Search":
  [36m<button[39m
    [33mclass[39m=[32m"inline-flex items-center justify-center gap-2 whitespace-nowrap text-base font-medium ring-offset-background transition-all duration-200 focus-visible:outline-none focus-visible:ring-2 focus-visible:ring-ring focus-visible:ring-offset-2 disabled:pointer-events-none disabled:opacity-50 [&_svg]:pointer-events-none [&_svg]:size-5 [&_svg]:shrink-0 hover:bg-muted h-8 w-8 rounded-full text-muted-foreground hover:text-primary"[39m
    [33mtitle[39m=[32m"Voice Search"[39m
    [33mtype[39m=[32m"button"[39m
  [36m/>[39m

  Name "Switch to dark mode":
  [36m<button[39m
    [33maria-label[39m=[32m"Switch to dark mode"[39m
    [33mclass[39m=[32m"theme-toggle-pill"[39m
    [33mtitle[39m=[32m"Dark mode"[39m
  [36m/>[39m

  Name "":
  [36m<button[39m
    [33mclass[39m=[32m"inline-flex items-center justify-center whitespace-nowrap font-medium ring-offset-background transition-all duration-200 focus-visible:outline-none focus-visible:ring-2 focus-visible:ring-ring focus-visible:ring-offset-2 disabled:pointer-events-none disabled:opacity-50 [&_svg]:pointer-events-none [&_svg]:size-5 [&_svg]:shrink-0 hover:bg-muted hover:text-foreground h-10 rounded-md px-4 text-sm gap-2"[39m
  [36m/>[39m

  Name "login":
  [36m<button[39m
    [33mclass[39m=[32m"inline-flex items-center justify-center gap-2 whitespace-nowrap font-medium ring-offset-background transition-all duration-200 focus-visible:outline-none focus-visible:ring-2 focus-visible:ring-ring focus-visible:ring-offset-2 disabled:pointer-events-none disabled:opacity-50 [&_svg]:pointer-events-none [&_svg]:size-5 [&_svg]:shrink-0 border-2 border-primary text-primary bg-transparent hover:bg-primary hover:text-primary-foreground h-10 rounded-md px-4 text-sm"[39m
  [36m/>[39m

  Name "register":
  [36m<button[39m
    [33mclass[39m=[32m"inline-flex items-center justify-center gap-2 whitespace-nowrap font-medium ring-offset-background transition-all duration-200 focus-visible:outline-none focus-visible:ring-2 focus-visible:ring-ring focus-visible:ring-offset-2 disabled:pointer-events-none disabled:opacity-50 [&_svg]:pointer-events-none [&_svg]:size-5 [&_svg]:shrink-0 bg-primary text-primary-foreground hover:bg-primary/90 shadow-soft active:scale-[0.98] h-10 rounded-md px-4 text-sm"[39m
  [36m/>[39m

  Name "":
  [36m<button[39m
    [33mclass[39m=[32m"inline-flex items-center justify-center gap-2 whitespace-nowrap rounded-lg text-base font-medium ring-offset-background transition-all duration-200 focus-visible:outline-none focus-visible:ring-2 focus-visible:ring-ring focus-visible:ring-offset-2 disabled:pointer-events-none disabled:opacity-50 [&_svg]:pointer-events-none [&_svg]:size-5 [&_svg]:shrink-0 hover:bg-muted hover:text-foreground h-12 w-12 md:hidden"[39m
  [36m/>[39m

  Name "":
  [36m<button[39m
    [33mclass[39m=[32m"absolute right-3 top-1/2 -translate-y-1/2 text-muted-foreground hover:text-foreground"[39m
    [33mtype[39m=[32m"button"[39m
  [36m/>[39m

  Name "":
  [36m<button[39m
    [33mclass[39m=[32m"absolute right-3 top-1/2 -translate-y-1/2 text-muted-foreground hover:text-foreground"[39m
    [33mtype[39m=[32m"button"[39m
  [36m/>[39m

  Name "Register":
  [36m<button[39m
    [33mclass[39m=[32m"inline-flex items-center justify-center gap-2 whitespace-nowrap rounded-lg text-base font-medium ring-offset-background transition-all duration-200 focus-visible:outline-none focus-visible:ring-2 focus-visible:ring-ring focus-visible:ring-offset-2 disabled:pointer-events-none disabled:opacity-50 [&_svg]:pointer-events-none [&_svg]:size-5 [&_svg]:shrink-0 bg-primary text-primary-foreground hover:bg-primary/90 shadow-soft active:scale-[0.98] h-12 px-6 py-3 w-full"[39m
    [33mtype[39m=[32m"submit"[39m
  [36m/>[39m

  Name "Open chat":
  [36m<button[39m
    [33maria-label[39m=[32m"Open chat"[39m
    [33mclass[39m=[32m"inline-flex items-center justify-center gap-2 whitespace-nowrap text-base font-medium ring-offset-background focus-visible:outline-none focus-visible:ring-2 focus-visible:ring-ring focus-visible:ring-offset-2 disabled:pointer-events-none disabled:opacity-50 [&_svg]:pointer-events-none [&_svg]:size-5 [&_svg]:shrink-0 text-primary-foreground shadow-soft active:scale-[0.98] h-14 w-14 rounded-full shadow-lg transition-all duration-300 hover:scale-105 hover:shadow-xl bg-primary hover:bg-primary/90"[39m
  [36m/>[39m

  --------------------------------------------------
  main:

  Name "":
  [36m<main[39m
    [33mclass[39m=[32m"flex-1"[39m
  [36m/>[39m

  --------------------------------------------------
  heading:

  Name "register":
  [36m<h3[39m
    [33mclass[39m=[32m"font-semibold tracking-tight text-2xl"[39m
  [36m/>[39m

  --------------------------------------------------
  paragraph:

  Name "":
  [36m<p[39m
    [33mclass[39m=[32m"text-xs mt-1 font-medium text-yellow-500"[39m
  [36m/>[39m

  Name "":
  [36m<p[39m
    [33mclass[39m=[32m"text-center text-sm text-muted-foreground mt-4"[39m
  [36m/>[39m

  Name "":
  [36m<p[39m
    [33mclass[39m=[32m"text-xs text-center text-muted-foreground"[39m
  [36m/>[39m

  --------------------------------------------------
  combobox:

  Name "":
  [36m<select[39m
    [33mclass[39m=[32m"flex h-10 w-full rounded-md border border-input bg-background px-3 py-2 text-sm ring-offset-background focus-visible:outline-none focus-visible:ring-2 focus-visible:ring-ring focus-visible:ring-offset-2"[39m
    [33mname[39m=[32m"state"[39m
  [36m/>[39m

  Name "":
  [36m<select[39m
    [33mclass[39m=[32m"flex h-10 w-full rounded-md border border-input bg-background px-3 py-2 text-sm ring-offset-background focus-visible:outline-none focus-visible:ring-2 focus-visible:ring-ring focus-visible:ring-offset-2"[39m
    [33mname[39m=[32m"language"[39m
  [36m/>[39m

  --------------------------------------------------
  option:

  Name "Select your state":
  [36m<option[39m
    [33mvalue[39m=[32m""[39m
  [36m/>[39m

  Name "Central Government":
  [36m<option[39m
    [33mvalue[39m=[32m"central"[39m
  [36m/>[39m

  Name "Maharashtra":
  [36m<option[39m
    [33mvalue[39m=[32m"maharashtra"[39m
  [36m/>[39m

  Name "Gujarat":
  [36m<option[39m
    [33mvalue[39m=[32m"gujarat"[39m
  [36m/>[39m

  Name "Karnataka":
  [36m<option[39m
    [33mvalue[39m=[32m"karnataka"[39m
  [36m/>[39m

  Name "Delhi":
  [36m<option[39m
    [33mvalue[39m=[32m"delhi"[39m
  [36m/>[39m

  Name "Tamil Nadu":
  [36m<option[39m
    [33mvalue[39m=[32m"tamilnadu"[39m
  [36m/>[39m

  Name "Kerala":
  [36m<option[39m
    [33mvalue[39m=[32m"kerala"[39m
  [36m/>[39m

  Name "West Bengal":
  [36m<option[39m
    [33mvalue[39m=[32m"westbengal"[39m
  [36m/>[39m

  Name "Rajasthan":
  [36m<option[39m
    [33mvalue[39m=[32m"rajasthan"[39m
  [36m/>[39m

  Name "Punjab":
  [36m<option[39m
    [33mvalue[39m=[32m"punjab"[39m
  [36m/>[39m

  Name "Telangana":
  [36m<option[39m
    [33mvalue[39m=[32m"telangana"[39m
  [36m/>[39m

  Name "Andhra Pradesh":
  [36m<option[39m
    [33mvalue[39m=[32m"andhrapradesh"[39m
  [36m/>[39m

  Name "Uttar Pradesh":
  [36m<option[39m
    [33mvalue[39m=[32m"uttarpradesh"[39m
  [36m/>[39m

  Name "Madhya Pradesh":
  [36m<option[39m
    [33mvalue[39m=[32m"madhyapradesh"[39m
  [36m/>[39m

  Name "Bihar":
  [36m<option[39m
    [33mvalue[39m=[32m"bihar"[39m
  [36m/>[39m

  Name "Odisha":
  [36m<option[39m
    [33mvalue[39m=[32m"odisha"[39m
  [36m/>[39m

  Name "Jharkhand":
  [36m<option[39m
    [33mvalue[39m=[32m"jharkhand"[39m
  [36m/>[39m

  Name "Chhattisgarh":
  [36m<option[39m
    [33mvalue[39m=[32m"chhattisgarh"[39m
  [36m/>[39m

  Name "Assam":
  [36m<option[39m
    [33mvalue[39m=[32m"assam"[39m
  [36m/>[39m

  Name "Himachal Pradesh":
  [36m<option[39m
    [33mvalue[39m=[32m"himachalpradesh"[39m
  [36m/>[39m

  Name "Uttarakhand":
  [36m<option[39m
    [33mvalue[39m=[32m"uttarakhand"[39m
  [36m/>[39m

  Name "Haryana":
  [36m<option[39m
    [33mvalue[39m=[32m"haryana"[39m
  [36m/>[39m

  Name "English":
  [36m<option[39m
    [33mvalue[39m=[32m"en"[39m
  [36m/>[39m

  Name "Hindi":
  [36m<option[39m
    [33mvalue[39m=[32m"hi"[39m
  [36m/>[39m

  --------------------------------------------------
  contentinfo:

  Name "":
  [36m<footer[39m
    [33mclass[39m=[32m"border-t bg-card mt-auto"[39m
  [36m/>[39m

  --------------------------------------------------

Ignored nodes: comments, script, style
[36m<body>[39m
  [36m<div>[39m
    [36m<div[39m
      [33mclass[39m=[32m"min-h-screen flex flex-col bg-background font-sans antialiased"[39m
    [36m>[39m
      [36m<header[39m
        [33mclass[39m=[32m"sticky top-0 z-50 w-full border-b bg-card/95 backdrop-blur supports-[backdrop-filter]:bg-card/80"[39m
      [36m>[39m
        [36m<div[39m
          [33mclass[39m=[32m"container flex h-16 items-center justify-between"[39m
        [36m>[39m
          [36m<a[39m
            [33mclass[39m=[32m"flex items-center gap-2"[39m
            [33mhref[39m=[32m"/"[39m
          [36m>[39m
            [36m<div[39m
              [33mclass[39m=[32m"flex h-10 w-10 items-center justify-center rounded-lg gradient-primary"[39m
            [36m>[39m
              [36m<span[39m
                [33mclass[39m=[32m"text-xl font-bold text-primary-foreground"[39m
              [36m>[39m
                [0mस[0m
              [36m</span>[39m
            [36m</div>[39m
            [36m<span[39m
              [33mclass[39m=[32m"text-xl font-bold text-foreground"[39m
            [36m>[39m
              [0mappName[0m
            [36m</span>[39m
          [36m</a>[39m
          [36m<nav[39m
            [33mclass[39m=[32m"hidden md:flex items-center gap-10"[39m
          [36m/>[39m
          [36m<div[39m
            [33mclass[39m=[32m"hidden md:block mr-4"[39m
            [33mid[39m=[32m"voice-search-input"[39m
          [36m>[39m
            [36m<div[39m
              [33mclass[39m=[32m"relative undefined"[39m
            [36m>[39m
              [36m<form[39m
                [33mclass[39m=[32m"relative flex items-center"[39m
              [36m>[39m
                [36m<svg[39m
                  [33mclass[39m=[32m"lucide lucide-search absolute left-3 h-4 w-4 text-muted-foreground"[39m
                  [33mfill[39m=[32m"none"[39m
                  [33mheight[39m=[32m"24"[39m
                  [33mstroke[39m=[32m"currentColor"[39m
                  [33mstroke-linecap[39m=[32m"round"[39m
                  [33mstroke-linejoin[39m=[32m"round"[39m
                  [33mstroke-width[39m=[32m"2"[39m
                  [33mviewBox[39m=[32m"0 0 24 24"[39m
                  [33mwidth[39m=[32m"24"[39m
                  [33mxmlns[39m=[32m"http://www.w3.org/2000/svg"[39m
                [36m>[39m
                  [36m<circle[39m
                    [33mcx[39m=[32m"11"[39m
                    [33mcy[39m=[32m"11"[39m
                    [33mr[39m=[32m"8"[39m
                  [36m/>[39m
                  [36m<path[39m
                    [33md[39m=[32m"m21 21-4.3-4.3"[39m
                  [36m/>[39m
                [36m</svg>[39m
                [36m<input[39m
                  [33mclass[39m=[32m"flex h-10 border border-input px-3 py-2 text-base ring-offset-background file:border-0 file:bg-transparent file:text-sm file:font-medium file:text-foreground placeholder:text-muted-foreground focus-visible:outline-none focus-visible:ring-2 focus-visible:ring-offset-2 disabled:cursor-not-allowed disabled:opacity-50 md:text-sm pl-9 pr-12 rounded-full bg-muted/50 focus-visible:ring-primary/20 transition-all hover:bg-muted/80 w-[200px] sm:w-[300px]"[39m
                  [33mplaceholder[39m=[32m"Search schemes..."[39m
                  [33mvalue[39m=[32m""[39m
                [36m/>[39m
                [36m<div[39m
                  [33mclass[39m=[32m"absolute right-1 top-1/2 -translate-y-1/2 flex items-center gap-1"[39m
                [36m>[39m
                  [36m<button[39m
                    [33mclass[39m=[32m"inline-flex items-center justify-center gap-2 whitespace-nowrap text-base font-medium ring-offset-background transition-all duration-200 focus-visible:outline-none focus-visible:ring-2 focus-visible:ring-ring focus-visible:ring-offset-2 disabled:pointer-events-none disabled:opacity-50 [&_svg]:pointer-events-none [&_svg]:size-5 [&_svg]:shrink-0 hover:bg-muted h-8 w-8 rounded-full text-muted-foreground hover:text-primary"[39m
                    [33mtitle[39m=[32m"Voice Search"[39m
                    [33mtype[39m=[32m"button"[39m
                  [36m>[39m
                    [36m<svg[39m
                      [33mclass[39m=[32m"lucide lucide-mic h-4 w-4"[39m
                      [33mfill[39m=[32m"none"[39m
                      [33mheight[39m=[32m"24"[39m
                      [33mstroke[39m=[32m"currentColor"[39m
                      [33mstroke-linecap[39m=[32m"round"[39m
                      [33mstroke-linejoin[39m=[32m"round"[39m
                      [33mstroke-width[39m=[32m"2"[39m
                      [33mviewBox[39m=[32m"0 0 24 24"[39m
                      [33mwidth[39m=[32m"24"[39m
                      [33mxmlns[39m=[32m"http://www.w3.org/2000/svg"[39m
                    [36m>[39m
                      [36m<path[39m
                        [33md[39m=[32m"M12 2a3 3 0 0 0-3 3v7a3 3 0 0 0 6 0V5a3 3 0 0 0-3-3Z"[39m
                      [36m/>[39m
                      [36m<path[39m
                        [33md[39m=[32m"M19 10v2a7 7 0 0 1-14 0v-2"[39m
                      [36m/>[39m
                      [36m<line[39m
                        [33mx1[39m=[32m"12"[39m
                        [33mx2[39m=[32m"12"[39m
                        [33my1[39m=[32m"19"[39m
                        [33my2[39m=[32m"22"[39m
                      [36m/>[39m
                    [36m</svg>[39m
                  [36m</button>[39m
                [36m</div>[39m
              [36m</form>[39m
            [36m</div>[39m
          [36m</div>[39m
          [36m<div[39m
            [33mclass[39m=[32m"flex items-center gap-4"[39m
          [36m>[39m
            [36m<button[39m
              [33maria-label[39m=[32m"Switch to dark mode"[39m
              [33mclass[39m=[32m"theme-toggle-pill"[39m
              [33mtitle[39m=[32m"Dark mode"[39m
            [36m>[39m
              [36m<div[39m
                [33mclass[39m=[32m"theme-toggle-sky day"[39m
              [36m/>[39m
              [36m<div[39m
                [33mclass[39m=[32m"theme-toggle-stars "[39m
              [36m>[39m
                [36m<span[39m
                  [33mstyle[39m=[32m"top: 6px; left: 8px; animation-delay: 0s;"[39m
                [36m/>[39m
                [36m<span[39m
                  [33mstyle[39m=[32m"top: 14px; left: 16px; animation-delay: 0.4s;"[39m
                [36m/>[39m
                [36m<span[39m
                  [33mstyle[39m=[32m"top: 5px; left: 22px; animation-delay: 0.8s;"[39m
                [36m/>[39m
                [36m<span[39m
                  [33mstyle[39m=[32m"top: 18px; left: 6px; animation-delay: 1.2s;"[39m
                [36m/>[39m
       ...
[90m [2m❯[22m Object.getElementError node_modules/@testing-library/dom/dist/config.js:[2m37:19[22m[39m
[90m [2m❯[22m node_modules/@testing-library/dom/dist/query-helpers.js:[2m76:38[22m[39m
[90m [2m❯[22m node_modules/@testing-library/dom/dist/query-helpers.js:[2m52:17[22m[39m
[90m [2m❯[22m getByRole node_modules/@testing-library/dom/dist/query-helpers.js:[2m95:19[22m[39m
[36m [2m❯[22m src/test/auth/register.test.jsx:[2m112:46[22m[39m
    [90m110| [39m        await userEvent.type(screen.getByPlaceholderText(/Min 8 charac…
    [90m111| [39m        await userEvent.type(screen.getByPlaceholderText(/Confirm your…
    [90m112| [39m        await userEvent.selectOptions(screen.getByRole('combobox', { n…
    [90m   | [39m                                             [31m^[39m
    [90m113| [39m
    [90m114| [39m        fireEvent.click(screen.getByRole('button', { name: /register/i…

[31m[2m⎯⎯⎯⎯⎯⎯⎯⎯⎯⎯⎯⎯⎯⎯⎯⎯⎯⎯⎯⎯⎯⎯[10/16]⎯[22m[39m

[41m[1m FAIL [22m[49m src/test/auth/register.test.jsx[2m > [22mRegister Component[2m > [22m3. Weak password
[31m[1mTestingLibraryElementError[22m[39m: Found multiple elements with the role "button" and name `/register/i`

Here are the matching elements:

Ignored nodes: comments, script, style
[36m<button[39m
  [33mclass[39m=[32m"inline-flex items-center justify-center gap-2 whitespace-nowrap font-medium ring-offset-background transition-all duration-200 focus-visible:outline-none focus-visible:ring-2 focus-visible:ring-ring focus-visible:ring-offset-2 disabled:pointer-events-none disabled:opacity-50 [&_svg]:pointer-events-none [&_svg]:size-5 [&_svg]:shrink-0 bg-primary text-primary-foreground hover:bg-primary/90 shadow-soft active:scale-[0.98] h-10 rounded-md px-4 text-sm"[39m
[36m>[39m
  [0mregister[0m
[36m</button>[39m

Ignored nodes: comments, script, style
[36m<button[39m
  [33mclass[39m=[32m"inline-flex items-center justify-center gap-2 whitespace-nowrap rounded-lg text-base font-medium ring-offset-background transition-all duration-200 focus-visible:outline-none focus-visible:ring-2 focus-visible:ring-ring focus-visible:ring-offset-2 disabled:pointer-events-none disabled:opacity-50 [&_svg]:pointer-events-none [&_svg]:size-5 [&_svg]:shrink-0 bg-primary text-primary-foreground hover:bg-primary/90 shadow-soft active:scale-[0.98] h-12 px-6 py-3 w-full"[39m
  [33mtype[39m=[32m"submit"[39m
[36m>[39m
  [0mRegister[0m
[36m</button>[39m

(If this is intentional, then use the `*AllBy*` variant of the query (like `queryAllByText`, `getAllByText`, or `findAllByText`)).

Ignored nodes: comments, script, style
[36m<body>[39m
  [36m<div>[39m
    [36m<div[39m
      [33mclass[39m=[32m"min-h-screen flex flex-col bg-background font-sans antialiased"[39m
    [36m>[39m
      [36m<header[39m
        [33mclass[39m=[32m"sticky top-0 z-50 w-full border-b bg-card/95 backdrop-blur supports-[backdrop-filter]:bg-card/80"[39m
      [36m>[39m
        [36m<div[39m
          [33mclass[39m=[32m"container flex h-16 items-center justify-between"[39m
        [36m>[39m
          [36m<a[39m
            [33mclass[39m=[32m"flex items-center gap-2"[39m
            [33mhref[39m=[32m"/"[39m
          [36m>[39m
            [36m<div[39m
              [33mclass[39m=[32m"flex h-10 w-10 items-center justify-center rounded-lg gradient-primary"[39m
            [36m>[39m
              [36m<span[39m
                [33mclass[39m=[32m"text-xl font-bold text-primary-foreground"[39m
              [36m>[39m
                [0mस[0m
              [36m</span>[39m
            [36m</div>[39m
            [36m<span[39m
              [33mclass[39m=[32m"text-xl font-bold text-foreground"[39m
            [36m>[39m
              [0mappName[0m
            [36m</span>[39m
          [36m</a>[39m
          [36m<nav[39m
            [33mclass[39m=[32m"hidden md:flex items-center gap-10"[39m
          [36m/>[39m
          [36m<div[39m
            [33mclass[39m=[32m"hidden md:block mr-4"[39m
            [33mid[39m=[32m"voice-search-input"[39m
          [36m>[39m
            [36m<div[39m
              [33mclass[39m=[32m"relative undefined"[39m
            [36m>[39m
              [36m<form[39m
                [33mclass[39m=[32m"relative flex items-center"[39m
              [36m>[39m
                [36m<svg[39m
                  [33mclass[39m=[32m"lucide lucide-search absolute left-3 h-4 w-4 text-muted-foreground"[39m
                  [33mfill[39m=[32m"none"[39m
                  [33mheight[39m=[32m"24"[39m
                  [33mstroke[39m=[32m"currentColor"[39m
                  [33mstroke-linecap[39m=[32m"round"[39m
                  [33mstroke-linejoin[39m=[32m"round"[39m
                  [33mstroke-width[39m=[32m"2"[39m
                  [33mviewBox[39m=[32m"0 0 24 24"[39m
                  [33mwidth[39m=[32m"24"[39m
                  [33mxmlns[39m=[32m"http://www.w3.org/2000/svg"[39m
                [36m>[39m
                  [36m<circle[39m
                    [33mcx[39m=[32m"11"[39m
                    [33mcy[39m=[32m"11"[39m
                    [33mr[39m=[32m"8"[39m
                  [36m/>[39m
                  [36m<path[39m
                    [33md[39m=[32m"m21 21-4.3-4.3"[39m
                  [36m/>[39m
                [36m</svg>[39m
                [36m<input[39m
                  [33mclass[39m=[32m"flex h-10 border border-input px-3 py-2 text-base ring-offset-background file:border-0 file:bg-transparent file:text-sm file:font-medium file:text-foreground placeholder:text-muted-foreground focus-visible:outline-none focus-visible:ring-2 focus-visible:ring-offset-2 disabled:cursor-not-allowed disabled:opacity-50 md:text-sm pl-9 pr-12 rounded-full bg-muted/50 focus-visible:ring-primary/20 transition-all hover:bg-muted/80 w-[200px] sm:w-[300px]"[39m
                  [33mplaceholder[39m=[32m"Search schemes..."[39m
                  [33mvalue[39m=[32m""[39m
                [36m/>[39m
                [36m<div[39m
                  [33mclass[39m=[32m"absolute right-1 top-1/2 -translate-y-1/2 flex items-center gap-1"[39m
                [36m>[39m
                  [36m<button[39m
                    [33mclass[39m=[32m"inline-flex items-center justify-center gap-2 whitespace-nowrap text-base font-medium ring-offset-background transition-all duration-200 focus-visible:outline-none focus-visible:ring-2 focus-visible:ring-ring focus-visible:ring-offset-2 disabled:pointer-events-none disabled:opacity-50 [&_svg]:pointer-events-none [&_svg]:size-5 [&_svg]:shrink-0 hover:bg-muted h-8 w-8 rounded-full text-muted-foreground hover:text-primary"[39m
                    [33mtitle[39m=[32m"Voice Search"[39m
                    [33mtype[39m=[32m"button"[39m
                  [36m>[39m
                    [36m<svg[39m
                      [33mclass[39m=[32m"lucide lucide-mic h-4 w-4"[39m
                      [33mfill[39m=[32m"none"[39m
                      [33mheight[39m=[32m"24"[39m
                      [33mstroke[39m=[32m"currentColor"[39m
                      [33mstroke-linecap[39m=[32m"round"[39m
                      [33mstroke-linejoin[39m=[32m"round"[39m
                      [33mstroke-width[39m=[32m"2"[39m
                      [33mviewBox[39m=[32m"0 0 24 24"[39m
                      [33mwidth[39m=[32m"24"[39m
                      [33mxmlns[39m=[32m"http://www.w3.org/2000/svg"[39m
                    [36m>[39m
                      [36m<path[39m
                        [33md[39m=[32m"M12 2a3 3 0 0 0-3 3v7a3 3 0 0 0 6 0V5a3 3 0 0 0-3-3Z"[39m
                      [36m/>[39m
                      [36m<path[39m
                        [33md[39m=[32m"M19 10v2a7 7 0 0 1-14 0v-2"[39m
                      [36m/>[39m
                      [36m<line[39m
                        [33mx1[39m=[32m"12"[39m
                        [33mx2[39m=[32m"12"[39m
                        [33my1[39m=[32m"19"[39m
                        [33my2[39m=[32m"22"[39m
                      [36m/>[39m
                    [36m</svg>[39m
                  [36m</button>[39m
                [36m</div>[39m
              [36m</form>[39m
            [36m</div>[39m
          [36m</div>[39m
          [36m<div[39m
            [33mclass[39m=[32m"flex items-center gap-4"[39m
          [36m>[39m
            [36m<button[39m
              [33maria-label[39m=[32m"Switch to dark mode"[39m
              [33mclass[39m=[32m"theme-toggle-pill"[39m
              [33mtitle[39m=[32m"Dark mode"[39m
            [36m>[39m
              [36m<div[39m
                [33mclass[39m=[32m"theme-toggle-sky day"[39m
              [36m/>[39m
              [36m<div[39m
                [33mclass[39m=[32m"theme-toggle-stars "[39m
              [36m>[39m
                [36m<span[39m
                  [33mstyle[39m=[32m"top: 6px; left: 8px; animation-delay: 0s;"[39m
                [36m/>[39m
                [36m<span[39m
                  [33mstyle[39m=[32m"top: 14px; left: 16px; animation-delay: 0.4s;"[39m
                [36m/>[39m
                [36m<span[39m
                  [33mstyle[39m=[32m"top: 5px; left: 22px; animation-delay: 0.8s;"[39m
                [36m/>[39m
                [36m<span[39m
                  [33mstyle[39m=[32m"top: 18px; left: 6px; animation-delay: 1.2s;"[39m
                [36m/>[39m
       ...
[90m [2m❯[22m Object.getElementError node_modules/@testing-library/dom/dist/config.js:[2m37:19[22m[39m
[90m [2m❯[22m getElementError node_modules/@testing-library/dom/dist/query-helpers.js:[2m20:35[22m[39m
[90m [2m❯[22m getMultipleElementsFoundError node_modules/@testing-library/dom/dist/query-helpers.js:[2m23:10[22m[39m
[90m [2m❯[22m node_modules/@testing-library/dom/dist/query-helpers.js:[2m55:13[22m[39m
[90m [2m❯[22m getByRole node_modules/@testing-library/dom/dist/query-helpers.js:[2m95:19[22m[39m
[36m [2m❯[22m src/test/auth/register.test.jsx:[2m130:32[22m[39m
    [90m128| [39m        await userEvent.type(screen.getByPlaceholderText(/Confirm your…
    [90m129| [39m
    [90m130| [39m        fireEvent.click(screen.getByRole('button', { name: /register/i…
    [90m   | [39m                               [31m^[39m
    [90m131| [39m
    [90m132| [39m        [35mawait[39m [34mwaitFor[39m(() [33m=>[39m {

[31m[2m⎯⎯⎯⎯⎯⎯⎯⎯⎯⎯⎯⎯⎯⎯⎯⎯⎯⎯⎯⎯⎯⎯[11/16]⎯[22m[39m

[41m[1m FAIL [22m[49m src/test/auth/register.test.jsx[2m > [22mRegister Component[2m > [22m4. Invalid email format
[31m[1mTestingLibraryElementError[22m[39m: Found multiple elements with the role "button" and name `/register/i`

Here are the matching elements:

Ignored nodes: comments, script, style
[36m<button[39m
  [33mclass[39m=[32m"inline-flex items-center justify-center gap-2 whitespace-nowrap font-medium ring-offset-background transition-all duration-200 focus-visible:outline-none focus-visible:ring-2 focus-visible:ring-ring focus-visible:ring-offset-2 disabled:pointer-events-none disabled:opacity-50 [&_svg]:pointer-events-none [&_svg]:size-5 [&_svg]:shrink-0 bg-primary text-primary-foreground hover:bg-primary/90 shadow-soft active:scale-[0.98] h-10 rounded-md px-4 text-sm"[39m
[36m>[39m
  [0mregister[0m
[36m</button>[39m

Ignored nodes: comments, script, style
[36m<button[39m
  [33mclass[39m=[32m"inline-flex items-center justify-center gap-2 whitespace-nowrap rounded-lg text-base font-medium ring-offset-background transition-all duration-200 focus-visible:outline-none focus-visible:ring-2 focus-visible:ring-ring focus-visible:ring-offset-2 disabled:pointer-events-none disabled:opacity-50 [&_svg]:pointer-events-none [&_svg]:size-5 [&_svg]:shrink-0 bg-primary text-primary-foreground hover:bg-primary/90 shadow-soft active:scale-[0.98] h-12 px-6 py-3 w-full"[39m
  [33mtype[39m=[32m"submit"[39m
[36m>[39m
  [0mRegister[0m
[36m</button>[39m

(If this is intentional, then use the `*AllBy*` variant of the query (like `queryAllByText`, `getAllByText`, or `findAllByText`)).

Ignored nodes: comments, script, style
[36m<body>[39m
  [36m<div>[39m
    [36m<div[39m
      [33mclass[39m=[32m"min-h-screen flex flex-col bg-background font-sans antialiased"[39m
    [36m>[39m
      [36m<header[39m
        [33mclass[39m=[32m"sticky top-0 z-50 w-full border-b bg-card/95 backdrop-blur supports-[backdrop-filter]:bg-card/80"[39m
      [36m>[39m
        [36m<div[39m
          [33mclass[39m=[32m"container flex h-16 items-center justify-between"[39m
        [36m>[39m
          [36m<a[39m
            [33mclass[39m=[32m"flex items-center gap-2"[39m
            [33mhref[39m=[32m"/"[39m
          [36m>[39m
            [36m<div[39m
              [33mclass[39m=[32m"flex h-10 w-10 items-center justify-center rounded-lg gradient-primary"[39m
            [36m>[39m
              [36m<span[39m
                [33mclass[39m=[32m"text-xl font-bold text-primary-foreground"[39m
              [36m>[39m
                [0mस[0m
              [36m</span>[39m
            [36m</div>[39m
            [36m<span[39m
              [33mclass[39m=[32m"text-xl font-bold text-foreground"[39m
            [36m>[39m
              [0mappName[0m
            [36m</span>[39m
          [36m</a>[39m
          [36m<nav[39m
            [33mclass[39m=[32m"hidden md:flex items-center gap-10"[39m
          [36m/>[39m
          [36m<div[39m
            [33mclass[39m=[32m"hidden md:block mr-4"[39m
            [33mid[39m=[32m"voice-search-input"[39m
          [36m>[39m
            [36m<div[39m
              [33mclass[39m=[32m"relative undefined"[39m
            [36m>[39m
              [36m<form[39m
                [33mclass[39m=[32m"relative flex items-center"[39m
              [36m>[39m
                [36m<svg[39m
                  [33mclass[39m=[32m"lucide lucide-search absolute left-3 h-4 w-4 text-muted-foreground"[39m
                  [33mfill[39m=[32m"none"[39m
                  [33mheight[39m=[32m"24"[39m
                  [33mstroke[39m=[32m"currentColor"[39m
                  [33mstroke-linecap[39m=[32m"round"[39m
                  [33mstroke-linejoin[39m=[32m"round"[39m
                  [33mstroke-width[39m=[32m"2"[39m
                  [33mviewBox[39m=[32m"0 0 24 24"[39m
                  [33mwidth[39m=[32m"24"[39m
                  [33mxmlns[39m=[32m"http://www.w3.org/2000/svg"[39m
                [36m>[39m
                  [36m<circle[39m
                    [33mcx[39m=[32m"11"[39m
                    [33mcy[39m=[32m"11"[39m
                    [33mr[39m=[32m"8"[39m
                  [36m/>[39m
                  [36m<path[39m
                    [33md[39m=[32m"m21 21-4.3-4.3"[39m
                  [36m/>[39m
                [36m</svg>[39m
                [36m<input[39m
                  [33mclass[39m=[32m"flex h-10 border border-input px-3 py-2 text-base ring-offset-background file:border-0 file:bg-transparent file:text-sm file:font-medium file:text-foreground placeholder:text-muted-foreground focus-visible:outline-none focus-visible:ring-2 focus-visible:ring-offset-2 disabled:cursor-not-allowed disabled:opacity-50 md:text-sm pl-9 pr-12 rounded-full bg-muted/50 focus-visible:ring-primary/20 transition-all hover:bg-muted/80 w-[200px] sm:w-[300px]"[39m
                  [33mplaceholder[39m=[32m"Search schemes..."[39m
                  [33mvalue[39m=[32m""[39m
                [36m/>[39m
                [36m<div[39m
                  [33mclass[39m=[32m"absolute right-1 top-1/2 -translate-y-1/2 flex items-center gap-1"[39m
                [36m>[39m
                  [36m<button[39m
                    [33mclass[39m=[32m"inline-flex items-center justify-center gap-2 whitespace-nowrap text-base font-medium ring-offset-background transition-all duration-200 focus-visible:outline-none focus-visible:ring-2 focus-visible:ring-ring focus-visible:ring-offset-2 disabled:pointer-events-none disabled:opacity-50 [&_svg]:pointer-events-none [&_svg]:size-5 [&_svg]:shrink-0 hover:bg-muted h-8 w-8 rounded-full text-muted-foreground hover:text-primary"[39m
                    [33mtitle[39m=[32m"Voice Search"[39m
                    [33mtype[39m=[32m"button"[39m
                  [36m>[39m
                    [36m<svg[39m
                      [33mclass[39m=[32m"lucide lucide-mic h-4 w-4"[39m
                      [33mfill[39m=[32m"none"[39m
                      [33mheight[39m=[32m"24"[39m
                      [33mstroke[39m=[32m"currentColor"[39m
                      [33mstroke-linecap[39m=[32m"round"[39m
                      [33mstroke-linejoin[39m=[32m"round"[39m
                      [33mstroke-width[39m=[32m"2"[39m
                      [33mviewBox[39m=[32m"0 0 24 24"[39m
                      [33mwidth[39m=[32m"24"[39m
                      [33mxmlns[39m=[32m"http://www.w3.org/2000/svg"[39m
                    [36m>[39m
                      [36m<path[39m
                        [33md[39m=[32m"M12 2a3 3 0 0 0-3 3v7a3 3 0 0 0 6 0V5a3 3 0 0 0-3-3Z"[39m
                      [36m/>[39m
                      [36m<path[39m
                        [33md[39m=[32m"M19 10v2a7 7 0 0 1-14 0v-2"[39m
                      [36m/>[39m
                      [36m<line[39m
                        [33mx1[39m=[32m"12"[39m
                        [33mx2[39m=[32m"12"[39m
                        [33my1[39m=[32m"19"[39m
                        [33my2[39m=[32m"22"[39m
                      [36m/>[39m
                    [36m</svg>[39m
                  [36m</button>[39m
                [36m</div>[39m
              [36m</form>[39m
            [36m</div>[39m
          [36m</div>[39m
          [36m<div[39m
            [33mclass[39m=[32m"flex items-center gap-4"[39m
          [36m>[39m
            [36m<button[39m
              [33maria-label[39m=[32m"Switch to dark mode"[39m
              [33mclass[39m=[32m"theme-toggle-pill"[39m
              [33mtitle[39m=[32m"Dark mode"[39m
            [36m>[39m
              [36m<div[39m
                [33mclass[39m=[32m"theme-toggle-sky day"[39m
              [36m/>[39m
              [36m<div[39m
                [33mclass[39m=[32m"theme-toggle-stars "[39m
              [36m>[39m
                [36m<span[39m
                  [33mstyle[39m=[32m"top: 6px; left: 8px; animation-delay: 0s;"[39m
                [36m/>[39m
                [36m<span[39m
                  [33mstyle[39m=[32m"top: 14px; left: 16px; animation-delay: 0.4s;"[39m
                [36m/>[39m
                [36m<span[39m
                  [33mstyle[39m=[32m"top: 5px; left: 22px; animation-delay: 0.8s;"[39m
                [36m/>[39m
                [36m<span[39m
                  [33mstyle[39m=[32m"top: 18px; left: 6px; animation-delay: 1.2s;"[39m
                [36m/>[39m
       ...
[90m [2m❯[22m Object.getElementError node_modules/@testing-library/dom/dist/config.js:[2m37:19[22m[39m
[90m [2m❯[22m getElementError node_modules/@testing-library/dom/dist/query-helpers.js:[2m20:35[22m[39m
[90m [2m❯[22m getMultipleElementsFoundError node_modules/@testing-library/dom/dist/query-helpers.js:[2m23:10[22m[39m
[90m [2m❯[22m node_modules/@testing-library/dom/dist/query-helpers.js:[2m55:13[22m[39m
[90m [2m❯[22m getByRole node_modules/@testing-library/dom/dist/query-helpers.js:[2m95:19[22m[39m
[36m [2m❯[22m src/test/auth/register.test.jsx:[2m142:32[22m[39m
    [90m140| [39m
    [90m141| [39m        await userEvent.type(screen.getByPlaceholderText(/email@exampl…
    [90m142| [39m        fireEvent.click(screen.getByRole('button', { name: /register/i…
    [90m   | [39m                               [31m^[39m
    [90m143| [39m
    [90m144| [39m        [35mawait[39m [34mwaitFor[39m(() [33m=>[39m {

[31m[2m⎯⎯⎯⎯⎯⎯⎯⎯⎯⎯⎯⎯⎯⎯⎯⎯⎯⎯⎯⎯⎯⎯[12/16]⎯[22m[39m

[41m[1m FAIL [22m[49m src/test/auth/register.test.jsx[2m > [22mRegister Component[2m > [22m5. Duplicate email
[31m[1mTestingLibraryElementError[22m[39m: Unable to find an accessible element with the role "combobox" and name `/state/i`

Here are the accessible roles:

  banner:

  Name "":
  [36m<header[39m
    [33mclass[39m=[32m"sticky top-0 z-50 w-full border-b bg-card/95 backdrop-blur supports-[backdrop-filter]:bg-card/80"[39m
  [36m/>[39m

  --------------------------------------------------
  link:

  Name "स appName":
  [36m<a[39m
    [33mclass[39m=[32m"flex items-center gap-2"[39m
    [33mhref[39m=[32m"/"[39m
  [36m/>[39m

  Name "login":
  [36m<a[39m
    [33mhref[39m=[32m"/login"[39m
  [36m/>[39m

  Name "register":
  [36m<a[39m
    [33mhref[39m=[32m"/register"[39m
  [36m/>[39m

  Name "Login":
  [36m<a[39m
    [33mclass[39m=[32m"text-primary font-medium hover:underline"[39m
    [33mhref[39m=[32m"/login"[39m
  [36m/>[39m

  Name "about":
  [36m<a[39m
    [33mclass[39m=[32m"text-muted-foreground hover:text-foreground transition-colors"[39m
    [33mhref[39m=[32m"/about"[39m
  [36m/>[39m

  Name "help":
  [36m<a[39m
    [33mclass[39m=[32m"text-muted-foreground hover:text-foreground transition-colors"[39m
    [33mhref[39m=[32m"/help"[39m
  [36m/>[39m

  Name "privacy":
  [36m<a[39m
    [33mclass[39m=[32m"text-muted-foreground hover:text-foreground transition-colors"[39m
    [33mhref[39m=[32m"/privacy"[39m
  [36m/>[39m

  Name "terms":
  [36m<a[39m
    [33mclass[39m=[32m"text-muted-foreground hover:text-foreground transition-colors"[39m
    [33mhref[39m=[32m"/terms"[39m
  [36m/>[39m

  --------------------------------------------------
  navigation:

  Name "":
  [36m<nav[39m
    [33mclass[39m=[32m"hidden md:flex items-center gap-10"[39m
  [36m/>[39m

  Name "":
  [36m<nav[39m
    [33mclass[39m=[32m"flex flex-wrap justify-center gap-6 text-sm"[39m
  [36m/>[39m

  --------------------------------------------------
  textbox:

  Name "":
  [36m<input[39m
    [33mclass[39m=[32m"flex h-10 border border-input px-3 py-2 text-base ring-offset-background file:border-0 file:bg-transparent file:text-sm file:font-medium file:text-foreground placeholder:text-muted-foreground focus-visible:outline-none focus-visible:ring-2 focus-visible:ring-offset-2 disabled:cursor-not-allowed disabled:opacity-50 md:text-sm pl-9 pr-12 rounded-full bg-muted/50 focus-visible:ring-primary/20 transition-all hover:bg-muted/80 w-[200px] sm:w-[300px]"[39m
    [33mplaceholder[39m=[32m"Search schemes..."[39m
    [33mvalue[39m=[32m""[39m
  [36m/>[39m

  Name "":
  [36m<input[39m
    [33mclass[39m=[32m"flex h-10 w-full rounded-md border border-input bg-background px-3 py-2 text-base ring-offset-background file:border-0 file:bg-transparent file:text-sm file:font-medium file:text-foreground placeholder:text-muted-foreground focus-visible:outline-none focus-visible:ring-2 focus-visible:ring-ring focus-visible:ring-offset-2 disabled:cursor-not-allowed disabled:opacity-50 md:text-sm"[39m
    [33mname[39m=[32m"fullName"[39m
    [33mplaceholder[39m=[32m"Enter your full name"[39m
  [36m/>[39m

  Name "":
  [36m<input[39m
    [33mclass[39m=[32m"flex h-10 w-full rounded-md border border-input bg-background px-3 py-2 text-base ring-offset-background file:border-0 file:bg-transparent file:text-sm file:font-medium file:text-foreground placeholder:text-muted-foreground focus-visible:outline-none focus-visible:ring-2 focus-visible:ring-ring focus-visible:ring-offset-2 disabled:cursor-not-allowed disabled:opacity-50 md:text-sm"[39m
    [33mname[39m=[32m"email"[39m
    [33mplaceholder[39m=[32m"email@example.com"[39m
    [33mtype[39m=[32m"email"[39m
  [36m/>[39m

  Name "":
  [36m<input[39m
    [33mclass[39m=[32m"flex h-10 w-full rounded-md border border-input bg-background px-3 py-2 text-base ring-offset-background file:border-0 file:bg-transparent file:text-sm file:font-medium file:text-foreground placeholder:text-muted-foreground focus-visible:outline-none focus-visible:ring-2 focus-visible:ring-ring focus-visible:ring-offset-2 disabled:cursor-not-allowed disabled:opacity-50 md:text-sm"[39m
    [33mmaxlength[39m=[32m"10"[39m
    [33mname[39m=[32m"mobile"[39m
    [33mplaceholder[39m=[32m"10-digit mobile number"[39m
  [36m/>[39m

  --------------------------------------------------
  button:

  Name "Voice Search":
  [36m<button[39m
    [33mclass[39m=[32m"inline-flex items-center justify-center gap-2 whitespace-nowrap text-base font-medium ring-offset-background transition-all duration-200 focus-visible:outline-none focus-visible:ring-2 focus-visible:ring-ring focus-visible:ring-offset-2 disabled:pointer-events-none disabled:opacity-50 [&_svg]:pointer-events-none [&_svg]:size-5 [&_svg]:shrink-0 hover:bg-muted h-8 w-8 rounded-full text-muted-foreground hover:text-primary"[39m
    [33mtitle[39m=[32m"Voice Search"[39m
    [33mtype[39m=[32m"button"[39m
  [36m/>[39m

  Name "Switch to dark mode":
  [36m<button[39m
    [33maria-label[39m=[32m"Switch to dark mode"[39m
    [33mclass[39m=[32m"theme-toggle-pill"[39m
    [33mtitle[39m=[32m"Dark mode"[39m
  [36m/>[39m

  Name "":
  [36m<button[39m
    [33mclass[39m=[32m"inline-flex items-center justify-center whitespace-nowrap font-medium ring-offset-background transition-all duration-200 focus-visible:outline-none focus-visible:ring-2 focus-visible:ring-ring focus-visible:ring-offset-2 disabled:pointer-events-none disabled:opacity-50 [&_svg]:pointer-events-none [&_svg]:size-5 [&_svg]:shrink-0 hover:bg-muted hover:text-foreground h-10 rounded-md px-4 text-sm gap-2"[39m
  [36m/>[39m

  Name "login":
  [36m<button[39m
    [33mclass[39m=[32m"inline-flex items-center justify-center gap-2 whitespace-nowrap font-medium ring-offset-background transition-all duration-200 focus-visible:outline-none focus-visible:ring-2 focus-visible:ring-ring focus-visible:ring-offset-2 disabled:pointer-events-none disabled:opacity-50 [&_svg]:pointer-events-none [&_svg]:size-5 [&_svg]:shrink-0 border-2 border-primary text-primary bg-transparent hover:bg-primary hover:text-primary-foreground h-10 rounded-md px-4 text-sm"[39m
  [36m/>[39m

  Name "register":
  [36m<button[39m
    [33mclass[39m=[32m"inline-flex items-center justify-center gap-2 whitespace-nowrap font-medium ring-offset-background transition-all duration-200 focus-visible:outline-none focus-visible:ring-2 focus-visible:ring-ring focus-visible:ring-offset-2 disabled:pointer-events-none disabled:opacity-50 [&_svg]:pointer-events-none [&_svg]:size-5 [&_svg]:shrink-0 bg-primary text-primary-foreground hover:bg-primary/90 shadow-soft active:scale-[0.98] h-10 rounded-md px-4 text-sm"[39m
  [36m/>[39m

  Name "":
  [36m<button[39m
    [33mclass[39m=[32m"inline-flex items-center justify-center gap-2 whitespace-nowrap rounded-lg text-base font-medium ring-offset-background transition-all duration-200 focus-visible:outline-none focus-visible:ring-2 focus-visible:ring-ring focus-visible:ring-offset-2 disabled:pointer-events-none disabled:opacity-50 [&_svg]:pointer-events-none [&_svg]:size-5 [&_svg]:shrink-0 hover:bg-muted hover:text-foreground h-12 w-12 md:hidden"[39m
  [36m/>[39m

  Name "":
  [36m<button[39m
    [33mclass[39m=[32m"absolute right-3 top-1/2 -translate-y-1/2 text-muted-foreground hover:text-foreground"[39m
    [33mtype[39m=[32m"button"[39m
  [36m/>[39m

  Name "":
  [36m<button[39m
    [33mclass[39m=[32m"absolute right-3 top-1/2 -translate-y-1/2 text-muted-foreground hover:text-foreground"[39m
    [33mtype[39m=[32m"button"[39m
  [36m/>[39m

  Name "Register":
  [36m<button[39m
    [33mclass[39m=[32m"inline-flex items-center justify-center gap-2 whitespace-nowrap rounded-lg text-base font-medium ring-offset-background transition-all duration-200 focus-visible:outline-none focus-visible:ring-2 focus-visible:ring-ring focus-visible:ring-offset-2 disabled:pointer-events-none disabled:opacity-50 [&_svg]:pointer-events-none [&_svg]:size-5 [&_svg]:shrink-0 bg-primary text-primary-foreground hover:bg-primary/90 shadow-soft active:scale-[0.98] h-12 px-6 py-3 w-full"[39m
    [33mtype[39m=[32m"submit"[39m
  [36m/>[39m

  Name "Open chat":
  [36m<button[39m
    [33maria-label[39m=[32m"Open chat"[39m
    [33mclass[39m=[32m"inline-flex items-center justify-center gap-2 whitespace-nowrap text-base font-medium ring-offset-background focus-visible:outline-none focus-visible:ring-2 focus-visible:ring-ring focus-visible:ring-offset-2 disabled:pointer-events-none disabled:opacity-50 [&_svg]:pointer-events-none [&_svg]:size-5 [&_svg]:shrink-0 text-primary-foreground shadow-soft active:scale-[0.98] h-14 w-14 rounded-full shadow-lg transition-all duration-300 hover:scale-105 hover:shadow-xl bg-primary hover:bg-primary/90"[39m
  [36m/>[39m

  --------------------------------------------------
  main:

  Name "":
  [36m<main[39m
    [33mclass[39m=[32m"flex-1"[39m
  [36m/>[39m

  --------------------------------------------------
  heading:

  Name "register":
  [36m<h3[39m
    [33mclass[39m=[32m"font-semibold tracking-tight text-2xl"[39m
  [36m/>[39m

  --------------------------------------------------
  paragraph:

  Name "":
  [36m<p[39m
    [33mclass[39m=[32m"text-xs mt-1 font-medium text-green-500"[39m
  [36m/>[39m

  Name "":
  [36m<p[39m
    [33mclass[39m=[32m"text-center text-sm text-muted-foreground mt-4"[39m
  [36m/>[39m

  Name "":
  [36m<p[39m
    [33mclass[39m=[32m"text-xs text-center text-muted-foreground"[39m
  [36m/>[39m

  --------------------------------------------------
  combobox:

  Name "":
  [36m<select[39m
    [33mclass[39m=[32m"flex h-10 w-full rounded-md border border-input bg-background px-3 py-2 text-sm ring-offset-background focus-visible:outline-none focus-visible:ring-2 focus-visible:ring-ring focus-visible:ring-offset-2"[39m
    [33mname[39m=[32m"state"[39m
  [36m/>[39m

  Name "":
  [36m<select[39m
    [33mclass[39m=[32m"flex h-10 w-full rounded-md border border-input bg-background px-3 py-2 text-sm ring-offset-background focus-visible:outline-none focus-visible:ring-2 focus-visible:ring-ring focus-visible:ring-offset-2"[39m
    [33mname[39m=[32m"language"[39m
  [36m/>[39m

  --------------------------------------------------
  option:

  Name "Select your state":
  [36m<option[39m
    [33mvalue[39m=[32m""[39m
  [36m/>[39m

  Name "Central Government":
  [36m<option[39m
    [33mvalue[39m=[32m"central"[39m
  [36m/>[39m

  Name "Maharashtra":
  [36m<option[39m
    [33mvalue[39m=[32m"maharashtra"[39m
  [36m/>[39m

  Name "Gujarat":
  [36m<option[39m
    [33mvalue[39m=[32m"gujarat"[39m
  [36m/>[39m

  Name "Karnataka":
  [36m<option[39m
    [33mvalue[39m=[32m"karnataka"[39m
  [36m/>[39m

  Name "Delhi":
  [36m<option[39m
    [33mvalue[39m=[32m"delhi"[39m
  [36m/>[39m

  Name "Tamil Nadu":
  [36m<option[39m
    [33mvalue[39m=[32m"tamilnadu"[39m
  [36m/>[39m

  Name "Kerala":
  [36m<option[39m
    [33mvalue[39m=[32m"kerala"[39m
  [36m/>[39m

  Name "West Bengal":
  [36m<option[39m
    [33mvalue[39m=[32m"westbengal"[39m
  [36m/>[39m

  Name "Rajasthan":
  [36m<option[39m
    [33mvalue[39m=[32m"rajasthan"[39m
  [36m/>[39m

  Name "Punjab":
  [36m<option[39m
    [33mvalue[39m=[32m"punjab"[39m
  [36m/>[39m

  Name "Telangana":
  [36m<option[39m
    [33mvalue[39m=[32m"telangana"[39m
  [36m/>[39m

  Name "Andhra Pradesh":
  [36m<option[39m
    [33mvalue[39m=[32m"andhrapradesh"[39m
  [36m/>[39m

  Name "Uttar Pradesh":
  [36m<option[39m
    [33mvalue[39m=[32m"uttarpradesh"[39m
  [36m/>[39m

  Name "Madhya Pradesh":
  [36m<option[39m
    [33mvalue[39m=[32m"madhyapradesh"[39m
  [36m/>[39m

  Name "Bihar":
  [36m<option[39m
    [33mvalue[39m=[32m"bihar"[39m
  [36m/>[39m

  Name "Odisha":
  [36m<option[39m
    [33mvalue[39m=[32m"odisha"[39m
  [36m/>[39m

  Name "Jharkhand":
  [36m<option[39m
    [33mvalue[39m=[32m"jharkhand"[39m
  [36m/>[39m

  Name "Chhattisgarh":
  [36m<option[39m
    [33mvalue[39m=[32m"chhattisgarh"[39m
  [36m/>[39m

  Name "Assam":
  [36m<option[39m
    [33mvalue[39m=[32m"assam"[39m
  [36m/>[39m

  Name "Himachal Pradesh":
  [36m<option[39m
    [33mvalue[39m=[32m"himachalpradesh"[39m
  [36m/>[39m

  Name "Uttarakhand":
  [36m<option[39m
    [33mvalue[39m=[32m"uttarakhand"[39m
  [36m/>[39m

  Name "Haryana":
  [36m<option[39m
    [33mvalue[39m=[32m"haryana"[39m
  [36m/>[39m

  Name "English":
  [36m<option[39m
    [33mvalue[39m=[32m"en"[39m
  [36m/>[39m

  Name "Hindi":
  [36m<option[39m
    [33mvalue[39m=[32m"hi"[39m
  [36m/>[39m

  --------------------------------------------------
  contentinfo:

  Name "":
  [36m<footer[39m
    [33mclass[39m=[32m"border-t bg-card mt-auto"[39m
  [36m/>[39m

  --------------------------------------------------

Ignored nodes: comments, script, style
[36m<body>[39m
  [36m<div>[39m
    [36m<div[39m
      [33mclass[39m=[32m"min-h-screen flex flex-col bg-background font-sans antialiased"[39m
    [36m>[39m
      [36m<header[39m
        [33mclass[39m=[32m"sticky top-0 z-50 w-full border-b bg-card/95 backdrop-blur supports-[backdrop-filter]:bg-card/80"[39m
      [36m>[39m
        [36m<div[39m
          [33mclass[39m=[32m"container flex h-16 items-center justify-between"[39m
        [36m>[39m
          [36m<a[39m
            [33mclass[39m=[32m"flex items-center gap-2"[39m
            [33mhref[39m=[32m"/"[39m
          [36m>[39m
            [36m<div[39m
              [33mclass[39m=[32m"flex h-10 w-10 items-center justify-center rounded-lg gradient-primary"[39m
            [36m>[39m
              [36m<span[39m
                [33mclass[39m=[32m"text-xl font-bold text-primary-foreground"[39m
              [36m>[39m
                [0mस[0m
              [36m</span>[39m
            [36m</div>[39m
            [36m<span[39m
              [33mclass[39m=[32m"text-xl font-bold text-foreground"[39m
            [36m>[39m
              [0mappName[0m
            [36m</span>[39m
          [36m</a>[39m
          [36m<nav[39m
            [33mclass[39m=[32m"hidden md:flex items-center gap-10"[39m
          [36m/>[39m
          [36m<div[39m
            [33mclass[39m=[32m"hidden md:block mr-4"[39m
            [33mid[39m=[32m"voice-search-input"[39m
          [36m>[39m
            [36m<div[39m
              [33mclass[39m=[32m"relative undefined"[39m
            [36m>[39m
              [36m<form[39m
                [33mclass[39m=[32m"relative flex items-center"[39m
              [36m>[39m
                [36m<svg[39m
                  [33mclass[39m=[32m"lucide lucide-search absolute left-3 h-4 w-4 text-muted-foreground"[39m
                  [33mfill[39m=[32m"none"[39m
                  [33mheight[39m=[32m"24"[39m
                  [33mstroke[39m=[32m"currentColor"[39m
                  [33mstroke-linecap[39m=[32m"round"[39m
                  [33mstroke-linejoin[39m=[32m"round"[39m
                  [33mstroke-width[39m=[32m"2"[39m
                  [33mviewBox[39m=[32m"0 0 24 24"[39m
                  [33mwidth[39m=[32m"24"[39m
                  [33mxmlns[39m=[32m"http://www.w3.org/2000/svg"[39m
                [36m>[39m
                  [36m<circle[39m
                    [33mcx[39m=[32m"11"[39m
                    [33mcy[39m=[32m"11"[39m
                    [33mr[39m=[32m"8"[39m
                  [36m/>[39m
                  [36m<path[39m
                    [33md[39m=[32m"m21 21-4.3-4.3"[39m
                  [36m/>[39m
                [36m</svg>[39m
                [36m<input[39m
                  [33mclass[39m=[32m"flex h-10 border border-input px-3 py-2 text-base ring-offset-background file:border-0 file:bg-transparent file:text-sm file:font-medium file:text-foreground placeholder:text-muted-foreground focus-visible:outline-none focus-visible:ring-2 focus-visible:ring-offset-2 disabled:cursor-not-allowed disabled:opacity-50 md:text-sm pl-9 pr-12 rounded-full bg-muted/50 focus-visible:ring-primary/20 transition-all hover:bg-muted/80 w-[200px] sm:w-[300px]"[39m
                  [33mplaceholder[39m=[32m"Search schemes..."[39m
                  [33mvalue[39m=[32m""[39m
                [36m/>[39m
                [36m<div[39m
                  [33mclass[39m=[32m"absolute right-1 top-1/2 -translate-y-1/2 flex items-center gap-1"[39m
                [36m>[39m
                  [36m<button[39m
                    [33mclass[39m=[32m"inline-flex items-center justify-center gap-2 whitespace-nowrap text-base font-medium ring-offset-background transition-all duration-200 focus-visible:outline-none focus-visible:ring-2 focus-visible:ring-ring focus-visible:ring-offset-2 disabled:pointer-events-none disabled:opacity-50 [&_svg]:pointer-events-none [&_svg]:size-5 [&_svg]:shrink-0 hover:bg-muted h-8 w-8 rounded-full text-muted-foreground hover:text-primary"[39m
                    [33mtitle[39m=[32m"Voice Search"[39m
                    [33mtype[39m=[32m"button"[39m
                  [36m>[39m
                    [36m<svg[39m
                      [33mclass[39m=[32m"lucide lucide-mic h-4 w-4"[39m
                      [33mfill[39m=[32m"none"[39m
                      [33mheight[39m=[32m"24"[39m
                      [33mstroke[39m=[32m"currentColor"[39m
                      [33mstroke-linecap[39m=[32m"round"[39m
                      [33mstroke-linejoin[39m=[32m"round"[39m
                      [33mstroke-width[39m=[32m"2"[39m
                      [33mviewBox[39m=[32m"0 0 24 24"[39m
                      [33mwidth[39m=[32m"24"[39m
                      [33mxmlns[39m=[32m"http://www.w3.org/2000/svg"[39m
                    [36m>[39m
                      [36m<path[39m
                        [33md[39m=[32m"M12 2a3 3 0 0 0-3 3v7a3 3 0 0 0 6 0V5a3 3 0 0 0-3-3Z"[39m
                      [36m/>[39m
                      [36m<path[39m
                        [33md[39m=[32m"M19 10v2a7 7 0 0 1-14 0v-2"[39m
                      [36m/>[39m
                      [36m<line[39m
                        [33mx1[39m=[32m"12"[39m
                        [33mx2[39m=[32m"12"[39m
                        [33my1[39m=[32m"19"[39m
                        [33my2[39m=[32m"22"[39m
                      [36m/>[39m
                    [36m</svg>[39m
                  [36m</button>[39m
                [36m</div>[39m
              [36m</form>[39m
            [36m</div>[39m
          [36m</div>[39m
          [36m<div[39m
            [33mclass[39m=[32m"flex items-center gap-4"[39m
          [36m>[39m
            [36m<button[39m
              [33maria-label[39m=[32m"Switch to dark mode"[39m
              [33mclass[39m=[32m"theme-toggle-pill"[39m
              [33mtitle[39m=[32m"Dark mode"[39m
            [36m>[39m
              [36m<div[39m
                [33mclass[39m=[32m"theme-toggle-sky day"[39m
              [36m/>[39m
              [36m<div[39m
                [33mclass[39m=[32m"theme-toggle-stars "[39m
              [36m>[39m
                [36m<span[39m
                  [33mstyle[39m=[32m"top: 6px; left: 8px; animation-delay: 0s;"[39m
                [36m/>[39m
                [36m<span[39m
                  [33mstyle[39m=[32m"top: 14px; left: 16px; animation-delay: 0.4s;"[39m
                [36m/>[39m
                [36m<span[39m
                  [33mstyle[39m=[32m"top: 5px; left: 22px; animation-delay: 0.8s;"[39m
                [36m/>[39m
                [36m<span[39m
                  [33mstyle[39m=[32m"top: 18px; left: 6px; animation-delay: 1.2s;"[39m
                [36m/>[39m
       ...
[90m [2m❯[22m Object.getElementError node_modules/@testing-library/dom/dist/config.js:[2m37:19[22m[39m
[90m [2m❯[22m node_modules/@testing-library/dom/dist/query-helpers.js:[2m76:38[22m[39m
[90m [2m❯[22m node_modules/@testing-library/dom/dist/query-helpers.js:[2m52:17[22m[39m
[90m [2m❯[22m getByRole node_modules/@testing-library/dom/dist/query-helpers.js:[2m95:19[22m[39m
[36m [2m❯[22m src/test/auth/register.test.jsx:[2m161:46[22m[39m
    [90m159| [39m        await userEvent.type(screen.getByPlaceholderText(/Min 8 charac…
    [90m160| [39m        await userEvent.type(screen.getByPlaceholderText(/Confirm your…
    [90m161| [39m        await userEvent.selectOptions(screen.getByRole('combobox', { n…
    [90m   | [39m                                             [31m^[39m
    [90m162| [39m
    [90m163| [39m        fireEvent.click(screen.getByRole('button', { name: /register/i…

[31m[2m⎯⎯⎯⎯⎯⎯⎯⎯⎯⎯⎯⎯⎯⎯⎯⎯⎯⎯⎯⎯⎯⎯[13/16]⎯[22m[39m


[2m Test Files [22m [1m[31m5 failed[39m[22m[2m | [22m[1m[32m1 passed[39m[22m[90m (6)[39m
[2m      Tests [22m [1m[31m15 failed[39m[22m[2m | [22m[1m[32m9 passed[39m[22m[90m (24)[39m
[2m   Start at [22m 06:17:36
[2m   Duration [22m 8.87s[2m (transform 1.29s, setup 554ms, import 2.98s, tests 8.34s, environment 4.99s)[22m

